./multi_start_onestep.py random_states_3.pickle 1 master_log_1.txt
./multi_start_onestep.py random_states_3.pickle 2 master_log_2.txt
./multi_start_onestep.py random_states_3.pickle 3 master_log_3.txt
./multi_start_onestep.py random_states_3.pickle 4 master_log_4.txt
./multi_start_onestep.py random_states_3.pickle 5 master_log_5.txt
./multi_start_onestep.py random_states_3.pickle 6 master_log_6.txt
./multi_start_onestep.py random_states_3.pickle 7 master_log_7.txt
./multi_start_onestep.py random_states_3.pickle 8 master_log_8.txt
./multi_start_onestep.py random_states_3.pickle 9 master_log_9.txt
./multi_start_onestep.py random_states_3.pickle 10 master_log_10.txt
./multi_start_onestep.py random_states_3.pickle 11 master_log_11.txt
./multi_start_onestep.py random_states_3.pickle 12 master_log_12.txt
./multi_start_onestep.py random_states_3.pickle 13 master_log_13.txt
./multi_start_onestep.py random_states_3.pickle 14 master_log_14.txt
./multi_start_onestep.py random_states_3.pickle 15 master_log_15.txt
./multi_start_onestep.py random_states_3.pickle 16 master_log_16.txt
./multi_start_onestep.py random_states_3.pickle 17 master_log_17.txt
./multi_start_onestep.py random_states_3.pickle 18 master_log_18.txt
./multi_start_onestep.py random_states_3.pickle 19 master_log_19.txt
./multi_start_onestep.py random_states_3.pickle 20 master_log_20.txt
./multi_start_onestep.py random_states_3.pickle 21 master_log_21.txt
./multi_start_onestep.py random_states_3.pickle 22 master_log_22.txt
./multi_start_onestep.py random_states_3.pickle 23 master_log_23.txt
./multi_start_onestep.py random_states_3.pickle 24 master_log_24.txt
./multi_start_onestep.py random_states_3.pickle 25 master_log_25.txt
./multi_start_onestep.py random_states_3.pickle 26 master_log_26.txt
./multi_start_onestep.py random_states_3.pickle 27 master_log_27.txt
./multi_start_onestep.py random_states_3.pickle 28 master_log_28.txt
./multi_start_onestep.py random_states_3.pickle 29 master_log_29.txt
./multi_start_onestep.py random_states_3.pickle 30 master_log_30.txt
./multi_start_onestep.py random_states_3.pickle 31 master_log_31.txt
./multi_start_onestep.py random_states_3.pickle 32 master_log_32.txt
./multi_start_onestep.py random_states_3.pickle 33 master_log_33.txt
./multi_start_onestep.py random_states_3.pickle 34 master_log_34.txt
./multi_start_onestep.py random_states_3.pickle 35 master_log_35.txt
./multi_start_onestep.py random_states_3.pickle 36 master_log_36.txt
./multi_start_onestep.py random_states_3.pickle 37 master_log_37.txt
./multi_start_onestep.py random_states_3.pickle 38 master_log_38.txt
./multi_start_onestep.py random_states_3.pickle 39 master_log_39.txt
./multi_start_onestep.py random_states_3.pickle 40 master_log_40.txt
./multi_start_onestep.py random_states_3.pickle 41 master_log_41.txt
./multi_start_onestep.py random_states_3.pickle 42 master_log_42.txt
./multi_start_onestep.py random_states_3.pickle 43 master_log_43.txt
./multi_start_onestep.py random_states_3.pickle 44 master_log_44.txt
./multi_start_onestep.py random_states_3.pickle 45 master_log_45.txt
./multi_start_onestep.py random_states_3.pickle 46 master_log_46.txt
./multi_start_onestep.py random_states_3.pickle 47 master_log_47.txt
./multi_start_onestep.py random_states_3.pickle 48 master_log_48.txt
./multi_start_onestep.py random_states_3.pickle 49 master_log_49.txt
./multi_start_onestep.py random_states_3.pickle 50 master_log_50.txt
./multi_start_onestep.py random_states_3.pickle 51 master_log_51.txt
./multi_start_onestep.py random_states_3.pickle 52 master_log_52.txt
./multi_start_onestep.py random_states_3.pickle 53 master_log_53.txt
./multi_start_onestep.py random_states_3.pickle 54 master_log_54.txt
./multi_start_onestep.py random_states_3.pickle 55 master_log_55.txt
./multi_start_onestep.py random_states_3.pickle 56 master_log_56.txt
./multi_start_onestep.py random_states_3.pickle 57 master_log_57.txt
./multi_start_onestep.py random_states_3.pickle 58 master_log_58.txt
./multi_start_onestep.py random_states_3.pickle 59 master_log_59.txt
./multi_start_onestep.py random_states_3.pickle 60 master_log_60.txt
./multi_start_onestep.py random_states_3.pickle 61 master_log_61.txt
./multi_start_onestep.py random_states_3.pickle 62 master_log_62.txt
./multi_start_onestep.py random_states_3.pickle 63 master_log_63.txt
./multi_start_onestep.py random_states_3.pickle 64 master_log_64.txt
./multi_start_onestep.py random_states_3.pickle 65 master_log_65.txt
./multi_start_onestep.py random_states_3.pickle 66 master_log_66.txt
./multi_start_onestep.py random_states_3.pickle 67 master_log_67.txt
./multi_start_onestep.py random_states_3.pickle 68 master_log_68.txt
./multi_start_onestep.py random_states_3.pickle 69 master_log_69.txt
./multi_start_onestep.py random_states_3.pickle 70 master_log_70.txt
./multi_start_onestep.py random_states_3.pickle 71 master_log_71.txt
./multi_start_onestep.py random_states_3.pickle 72 master_log_72.txt
./multi_start_onestep.py random_states_3.pickle 73 master_log_73.txt
./multi_start_onestep.py random_states_3.pickle 74 master_log_74.txt
./multi_start_onestep.py random_states_3.pickle 75 master_log_75.txt
./multi_start_onestep.py random_states_3.pickle 76 master_log_76.txt
./multi_start_onestep.py random_states_3.pickle 77 master_log_77.txt
./multi_start_onestep.py random_states_3.pickle 78 master_log_78.txt
./multi_start_onestep.py random_states_3.pickle 79 master_log_79.txt
./multi_start_onestep.py random_states_3.pickle 80 master_log_80.txt
./multi_start_onestep.py random_states_3.pickle 81 master_log_81.txt
./multi_start_onestep.py random_states_3.pickle 82 master_log_82.txt
./multi_start_onestep.py random_states_3.pickle 83 master_log_83.txt
./multi_start_onestep.py random_states_3.pickle 84 master_log_84.txt
./multi_start_onestep.py random_states_3.pickle 85 master_log_85.txt
./multi_start_onestep.py random_states_3.pickle 86 master_log_86.txt
./multi_start_onestep.py random_states_3.pickle 87 master_log_87.txt
./multi_start_onestep.py random_states_3.pickle 88 master_log_88.txt
./multi_start_onestep.py random_states_3.pickle 89 master_log_89.txt
./multi_start_onestep.py random_states_3.pickle 90 master_log_90.txt
./multi_start_onestep.py random_states_3.pickle 91 master_log_91.txt
./multi_start_onestep.py random_states_3.pickle 92 master_log_92.txt
./multi_start_onestep.py random_states_3.pickle 93 master_log_93.txt
./multi_start_onestep.py random_states_3.pickle 94 master_log_94.txt
./multi_start_onestep.py random_states_3.pickle 95 master_log_95.txt
./multi_start_onestep.py random_states_3.pickle 96 master_log_96.txt
./multi_start_onestep.py random_states_3.pickle 97 master_log_97.txt
./multi_start_onestep.py random_states_3.pickle 98 master_log_98.txt
./multi_start_onestep.py random_states_3.pickle 99 master_log_99.txt
./multi_start_onestep.py random_states_3.pickle 100 master_log_100.txt
./multi_start_onestep.py random_states_3.pickle 101 master_log_101.txt
./multi_start_onestep.py random_states_3.pickle 102 master_log_102.txt
./multi_start_onestep.py random_states_3.pickle 103 master_log_103.txt
./multi_start_onestep.py random_states_3.pickle 104 master_log_104.txt
./multi_start_onestep.py random_states_3.pickle 105 master_log_105.txt
./multi_start_onestep.py random_states_3.pickle 106 master_log_106.txt
./multi_start_onestep.py random_states_3.pickle 107 master_log_107.txt
./multi_start_onestep.py random_states_3.pickle 108 master_log_108.txt
./multi_start_onestep.py random_states_3.pickle 109 master_log_109.txt
./multi_start_onestep.py random_states_3.pickle 110 master_log_110.txt
./multi_start_onestep.py random_states_3.pickle 111 master_log_111.txt
./multi_start_onestep.py random_states_3.pickle 112 master_log_112.txt
./multi_start_onestep.py random_states_3.pickle 113 master_log_113.txt
./multi_start_onestep.py random_states_3.pickle 114 master_log_114.txt
./multi_start_onestep.py random_states_3.pickle 115 master_log_115.txt
./multi_start_onestep.py random_states_3.pickle 116 master_log_116.txt
./multi_start_onestep.py random_states_3.pickle 117 master_log_117.txt
./multi_start_onestep.py random_states_3.pickle 118 master_log_118.txt
./multi_start_onestep.py random_states_3.pickle 119 master_log_119.txt
./multi_start_onestep.py random_states_3.pickle 120 master_log_120.txt
./multi_start_onestep.py random_states_3.pickle 121 master_log_121.txt
./multi_start_onestep.py random_states_3.pickle 122 master_log_122.txt
./multi_start_onestep.py random_states_3.pickle 123 master_log_123.txt
./multi_start_onestep.py random_states_3.pickle 124 master_log_124.txt
./multi_start_onestep.py random_states_3.pickle 125 master_log_125.txt
./multi_start_onestep.py random_states_3.pickle 126 master_log_126.txt
./multi_start_onestep.py random_states_3.pickle 127 master_log_127.txt
./multi_start_onestep.py random_states_3.pickle 128 master_log_128.txt
./multi_start_onestep.py random_states_3.pickle 129 master_log_129.txt
./multi_start_onestep.py random_states_3.pickle 130 master_log_130.txt
./multi_start_onestep.py random_states_3.pickle 131 master_log_131.txt
./multi_start_onestep.py random_states_3.pickle 132 master_log_132.txt
./multi_start_onestep.py random_states_3.pickle 133 master_log_133.txt
./multi_start_onestep.py random_states_3.pickle 134 master_log_134.txt
./multi_start_onestep.py random_states_3.pickle 135 master_log_135.txt
./multi_start_onestep.py random_states_3.pickle 136 master_log_136.txt
./multi_start_onestep.py random_states_3.pickle 137 master_log_137.txt
./multi_start_onestep.py random_states_3.pickle 138 master_log_138.txt
./multi_start_onestep.py random_states_3.pickle 139 master_log_139.txt
./multi_start_onestep.py random_states_3.pickle 140 master_log_140.txt
./multi_start_onestep.py random_states_3.pickle 141 master_log_141.txt
./multi_start_onestep.py random_states_3.pickle 142 master_log_142.txt
./multi_start_onestep.py random_states_3.pickle 143 master_log_143.txt
./multi_start_onestep.py random_states_3.pickle 144 master_log_144.txt
./multi_start_onestep.py random_states_3.pickle 145 master_log_145.txt
./multi_start_onestep.py random_states_3.pickle 146 master_log_146.txt
./multi_start_onestep.py random_states_3.pickle 147 master_log_147.txt
./multi_start_onestep.py random_states_3.pickle 148 master_log_148.txt
./multi_start_onestep.py random_states_3.pickle 149 master_log_149.txt
./multi_start_onestep.py random_states_3.pickle 150 master_log_150.txt
./multi_start_onestep.py random_states_3.pickle 151 master_log_151.txt
./multi_start_onestep.py random_states_3.pickle 152 master_log_152.txt
./multi_start_onestep.py random_states_3.pickle 153 master_log_153.txt
./multi_start_onestep.py random_states_3.pickle 154 master_log_154.txt
./multi_start_onestep.py random_states_3.pickle 155 master_log_155.txt
./multi_start_onestep.py random_states_3.pickle 156 master_log_156.txt
./multi_start_onestep.py random_states_3.pickle 157 master_log_157.txt
./multi_start_onestep.py random_states_3.pickle 158 master_log_158.txt
./multi_start_onestep.py random_states_3.pickle 159 master_log_159.txt
./multi_start_onestep.py random_states_3.pickle 160 master_log_160.txt
./multi_start_onestep.py random_states_3.pickle 161 master_log_161.txt
./multi_start_onestep.py random_states_3.pickle 162 master_log_162.txt
./multi_start_onestep.py random_states_3.pickle 163 master_log_163.txt
./multi_start_onestep.py random_states_3.pickle 164 master_log_164.txt
./multi_start_onestep.py random_states_3.pickle 165 master_log_165.txt
./multi_start_onestep.py random_states_3.pickle 166 master_log_166.txt
./multi_start_onestep.py random_states_3.pickle 167 master_log_167.txt
./multi_start_onestep.py random_states_3.pickle 168 master_log_168.txt
./multi_start_onestep.py random_states_3.pickle 169 master_log_169.txt
./multi_start_onestep.py random_states_3.pickle 170 master_log_170.txt
./multi_start_onestep.py random_states_3.pickle 171 master_log_171.txt
./multi_start_onestep.py random_states_3.pickle 172 master_log_172.txt
./multi_start_onestep.py random_states_3.pickle 173 master_log_173.txt
./multi_start_onestep.py random_states_3.pickle 174 master_log_174.txt
./multi_start_onestep.py random_states_3.pickle 175 master_log_175.txt
./multi_start_onestep.py random_states_3.pickle 176 master_log_176.txt
./multi_start_onestep.py random_states_3.pickle 177 master_log_177.txt
./multi_start_onestep.py random_states_3.pickle 178 master_log_178.txt
./multi_start_onestep.py random_states_3.pickle 179 master_log_179.txt
./multi_start_onestep.py random_states_3.pickle 180 master_log_180.txt
./multi_start_onestep.py random_states_3.pickle 181 master_log_181.txt
./multi_start_onestep.py random_states_3.pickle 182 master_log_182.txt
./multi_start_onestep.py random_states_3.pickle 183 master_log_183.txt
./multi_start_onestep.py random_states_3.pickle 184 master_log_184.txt
./multi_start_onestep.py random_states_3.pickle 185 master_log_185.txt
./multi_start_onestep.py random_states_3.pickle 186 master_log_186.txt
./multi_start_onestep.py random_states_3.pickle 187 master_log_187.txt
./multi_start_onestep.py random_states_3.pickle 188 master_log_188.txt
./multi_start_onestep.py random_states_3.pickle 189 master_log_189.txt
./multi_start_onestep.py random_states_3.pickle 190 master_log_190.txt
./multi_start_onestep.py random_states_3.pickle 191 master_log_191.txt
./multi_start_onestep.py random_states_3.pickle 192 master_log_192.txt
./multi_start_onestep.py random_states_3.pickle 193 master_log_193.txt
./multi_start_onestep.py random_states_3.pickle 194 master_log_194.txt
./multi_start_onestep.py random_states_3.pickle 195 master_log_195.txt
./multi_start_onestep.py random_states_3.pickle 196 master_log_196.txt
./multi_start_onestep.py random_states_3.pickle 197 master_log_197.txt
./multi_start_onestep.py random_states_3.pickle 198 master_log_198.txt
./multi_start_onestep.py random_states_3.pickle 199 master_log_199.txt
./multi_start_onestep.py random_states_3.pickle 200 master_log_200.txt
./multi_start_onestep.py random_states_3.pickle 201 master_log_201.txt
./multi_start_onestep.py random_states_3.pickle 202 master_log_202.txt
./multi_start_onestep.py random_states_3.pickle 203 master_log_203.txt
./multi_start_onestep.py random_states_3.pickle 204 master_log_204.txt
./multi_start_onestep.py random_states_3.pickle 205 master_log_205.txt
./multi_start_onestep.py random_states_3.pickle 206 master_log_206.txt
./multi_start_onestep.py random_states_3.pickle 207 master_log_207.txt
./multi_start_onestep.py random_states_3.pickle 208 master_log_208.txt
./multi_start_onestep.py random_states_3.pickle 209 master_log_209.txt
./multi_start_onestep.py random_states_3.pickle 210 master_log_210.txt
./multi_start_onestep.py random_states_3.pickle 211 master_log_211.txt
./multi_start_onestep.py random_states_3.pickle 212 master_log_212.txt
./multi_start_onestep.py random_states_3.pickle 213 master_log_213.txt
./multi_start_onestep.py random_states_3.pickle 214 master_log_214.txt
./multi_start_onestep.py random_states_3.pickle 215 master_log_215.txt
./multi_start_onestep.py random_states_3.pickle 216 master_log_216.txt
./multi_start_onestep.py random_states_3.pickle 217 master_log_217.txt
./multi_start_onestep.py random_states_3.pickle 218 master_log_218.txt
./multi_start_onestep.py random_states_3.pickle 219 master_log_219.txt
./multi_start_onestep.py random_states_3.pickle 220 master_log_220.txt
./multi_start_onestep.py random_states_3.pickle 221 master_log_221.txt
./multi_start_onestep.py random_states_3.pickle 222 master_log_222.txt
./multi_start_onestep.py random_states_3.pickle 223 master_log_223.txt
./multi_start_onestep.py random_states_3.pickle 224 master_log_224.txt
./multi_start_onestep.py random_states_3.pickle 225 master_log_225.txt
./multi_start_onestep.py random_states_3.pickle 226 master_log_226.txt
./multi_start_onestep.py random_states_3.pickle 227 master_log_227.txt
./multi_start_onestep.py random_states_3.pickle 228 master_log_228.txt
./multi_start_onestep.py random_states_3.pickle 229 master_log_229.txt
./multi_start_onestep.py random_states_3.pickle 230 master_log_230.txt
./multi_start_onestep.py random_states_3.pickle 231 master_log_231.txt
./multi_start_onestep.py random_states_3.pickle 232 master_log_232.txt
./multi_start_onestep.py random_states_3.pickle 233 master_log_233.txt
./multi_start_onestep.py random_states_3.pickle 234 master_log_234.txt
./multi_start_onestep.py random_states_3.pickle 235 master_log_235.txt
./multi_start_onestep.py random_states_3.pickle 236 master_log_236.txt
./multi_start_onestep.py random_states_3.pickle 237 master_log_237.txt
./multi_start_onestep.py random_states_3.pickle 238 master_log_238.txt
./multi_start_onestep.py random_states_3.pickle 239 master_log_239.txt
./multi_start_onestep.py random_states_3.pickle 240 master_log_240.txt
./multi_start_onestep.py random_states_3.pickle 241 master_log_241.txt
./multi_start_onestep.py random_states_3.pickle 242 master_log_242.txt
./multi_start_onestep.py random_states_3.pickle 243 master_log_243.txt
./multi_start_onestep.py random_states_3.pickle 244 master_log_244.txt
./multi_start_onestep.py random_states_3.pickle 245 master_log_245.txt
./multi_start_onestep.py random_states_3.pickle 246 master_log_246.txt
./multi_start_onestep.py random_states_3.pickle 247 master_log_247.txt
./multi_start_onestep.py random_states_3.pickle 248 master_log_248.txt
./multi_start_onestep.py random_states_3.pickle 249 master_log_249.txt
./multi_start_onestep.py random_states_3.pickle 250 master_log_250.txt
./multi_start_onestep.py random_states_3.pickle 251 master_log_251.txt
./multi_start_onestep.py random_states_3.pickle 252 master_log_252.txt
./multi_start_onestep.py random_states_3.pickle 253 master_log_253.txt
./multi_start_onestep.py random_states_3.pickle 254 master_log_254.txt
./multi_start_onestep.py random_states_3.pickle 255 master_log_255.txt
./multi_start_onestep.py random_states_3.pickle 256 master_log_256.txt
./multi_start_onestep.py random_states_3.pickle 257 master_log_257.txt
./multi_start_onestep.py random_states_3.pickle 258 master_log_258.txt
./multi_start_onestep.py random_states_3.pickle 259 master_log_259.txt
./multi_start_onestep.py random_states_3.pickle 260 master_log_260.txt
./multi_start_onestep.py random_states_3.pickle 261 master_log_261.txt
./multi_start_onestep.py random_states_3.pickle 262 master_log_262.txt
./multi_start_onestep.py random_states_3.pickle 263 master_log_263.txt
./multi_start_onestep.py random_states_3.pickle 264 master_log_264.txt
./multi_start_onestep.py random_states_3.pickle 265 master_log_265.txt
./multi_start_onestep.py random_states_3.pickle 266 master_log_266.txt
./multi_start_onestep.py random_states_3.pickle 267 master_log_267.txt
./multi_start_onestep.py random_states_3.pickle 268 master_log_268.txt
./multi_start_onestep.py random_states_3.pickle 269 master_log_269.txt
./multi_start_onestep.py random_states_3.pickle 270 master_log_270.txt
./multi_start_onestep.py random_states_3.pickle 271 master_log_271.txt
./multi_start_onestep.py random_states_3.pickle 272 master_log_272.txt
./multi_start_onestep.py random_states_3.pickle 273 master_log_273.txt
./multi_start_onestep.py random_states_3.pickle 274 master_log_274.txt
./multi_start_onestep.py random_states_3.pickle 275 master_log_275.txt
./multi_start_onestep.py random_states_3.pickle 276 master_log_276.txt
./multi_start_onestep.py random_states_3.pickle 277 master_log_277.txt
./multi_start_onestep.py random_states_3.pickle 278 master_log_278.txt
./multi_start_onestep.py random_states_3.pickle 279 master_log_279.txt
./multi_start_onestep.py random_states_3.pickle 280 master_log_280.txt
./multi_start_onestep.py random_states_3.pickle 281 master_log_281.txt
./multi_start_onestep.py random_states_3.pickle 282 master_log_282.txt
./multi_start_onestep.py random_states_3.pickle 283 master_log_283.txt
./multi_start_onestep.py random_states_3.pickle 284 master_log_284.txt
./multi_start_onestep.py random_states_3.pickle 285 master_log_285.txt
./multi_start_onestep.py random_states_3.pickle 286 master_log_286.txt
./multi_start_onestep.py random_states_3.pickle 287 master_log_287.txt
./multi_start_onestep.py random_states_3.pickle 288 master_log_288.txt
./multi_start_onestep.py random_states_3.pickle 289 master_log_289.txt
./multi_start_onestep.py random_states_3.pickle 290 master_log_290.txt
./multi_start_onestep.py random_states_3.pickle 291 master_log_291.txt
./multi_start_onestep.py random_states_3.pickle 292 master_log_292.txt
./multi_start_onestep.py random_states_3.pickle 293 master_log_293.txt
./multi_start_onestep.py random_states_3.pickle 294 master_log_294.txt
./multi_start_onestep.py random_states_3.pickle 295 master_log_295.txt
./multi_start_onestep.py random_states_3.pickle 296 master_log_296.txt
./multi_start_onestep.py random_states_3.pickle 297 master_log_297.txt
./multi_start_onestep.py random_states_3.pickle 298 master_log_298.txt
./multi_start_onestep.py random_states_3.pickle 299 master_log_299.txt
./multi_start_onestep.py random_states_3.pickle 300 master_log_300.txt
./multi_start_onestep.py random_states_3.pickle 301 master_log_301.txt
./multi_start_onestep.py random_states_3.pickle 302 master_log_302.txt
./multi_start_onestep.py random_states_3.pickle 303 master_log_303.txt
./multi_start_onestep.py random_states_3.pickle 304 master_log_304.txt
./multi_start_onestep.py random_states_3.pickle 305 master_log_305.txt
./multi_start_onestep.py random_states_3.pickle 306 master_log_306.txt
./multi_start_onestep.py random_states_3.pickle 307 master_log_307.txt
./multi_start_onestep.py random_states_3.pickle 308 master_log_308.txt
./multi_start_onestep.py random_states_3.pickle 309 master_log_309.txt
./multi_start_onestep.py random_states_3.pickle 310 master_log_310.txt
./multi_start_onestep.py random_states_3.pickle 311 master_log_311.txt
./multi_start_onestep.py random_states_3.pickle 312 master_log_312.txt
./multi_start_onestep.py random_states_3.pickle 313 master_log_313.txt
./multi_start_onestep.py random_states_3.pickle 314 master_log_314.txt
./multi_start_onestep.py random_states_3.pickle 315 master_log_315.txt
./multi_start_onestep.py random_states_3.pickle 316 master_log_316.txt
./multi_start_onestep.py random_states_3.pickle 317 master_log_317.txt
./multi_start_onestep.py random_states_3.pickle 318 master_log_318.txt
./multi_start_onestep.py random_states_3.pickle 319 master_log_319.txt
./multi_start_onestep.py random_states_3.pickle 320 master_log_320.txt
./multi_start_onestep.py random_states_3.pickle 321 master_log_321.txt
./multi_start_onestep.py random_states_3.pickle 322 master_log_322.txt
./multi_start_onestep.py random_states_3.pickle 323 master_log_323.txt
./multi_start_onestep.py random_states_3.pickle 324 master_log_324.txt
./multi_start_onestep.py random_states_3.pickle 325 master_log_325.txt
./multi_start_onestep.py random_states_3.pickle 326 master_log_326.txt
./multi_start_onestep.py random_states_3.pickle 327 master_log_327.txt
./multi_start_onestep.py random_states_3.pickle 328 master_log_328.txt
./multi_start_onestep.py random_states_3.pickle 329 master_log_329.txt
./multi_start_onestep.py random_states_3.pickle 330 master_log_330.txt
./multi_start_onestep.py random_states_3.pickle 331 master_log_331.txt
./multi_start_onestep.py random_states_3.pickle 332 master_log_332.txt
./multi_start_onestep.py random_states_3.pickle 333 master_log_333.txt
./multi_start_onestep.py random_states_3.pickle 334 master_log_334.txt
./multi_start_onestep.py random_states_3.pickle 335 master_log_335.txt
./multi_start_onestep.py random_states_3.pickle 336 master_log_336.txt
./multi_start_onestep.py random_states_3.pickle 337 master_log_337.txt
./multi_start_onestep.py random_states_3.pickle 338 master_log_338.txt
./multi_start_onestep.py random_states_3.pickle 339 master_log_339.txt
./multi_start_onestep.py random_states_3.pickle 340 master_log_340.txt
./multi_start_onestep.py random_states_3.pickle 341 master_log_341.txt
./multi_start_onestep.py random_states_3.pickle 342 master_log_342.txt
./multi_start_onestep.py random_states_3.pickle 343 master_log_343.txt
./multi_start_onestep.py random_states_3.pickle 344 master_log_344.txt
./multi_start_onestep.py random_states_3.pickle 345 master_log_345.txt
./multi_start_onestep.py random_states_3.pickle 346 master_log_346.txt
./multi_start_onestep.py random_states_3.pickle 347 master_log_347.txt
./multi_start_onestep.py random_states_3.pickle 348 master_log_348.txt
./multi_start_onestep.py random_states_3.pickle 349 master_log_349.txt
./multi_start_onestep.py random_states_3.pickle 350 master_log_350.txt
./multi_start_onestep.py random_states_3.pickle 351 master_log_351.txt
./multi_start_onestep.py random_states_3.pickle 352 master_log_352.txt
./multi_start_onestep.py random_states_3.pickle 353 master_log_353.txt
./multi_start_onestep.py random_states_3.pickle 354 master_log_354.txt
./multi_start_onestep.py random_states_3.pickle 355 master_log_355.txt
./multi_start_onestep.py random_states_3.pickle 356 master_log_356.txt
./multi_start_onestep.py random_states_3.pickle 357 master_log_357.txt
./multi_start_onestep.py random_states_3.pickle 358 master_log_358.txt
./multi_start_onestep.py random_states_3.pickle 359 master_log_359.txt
./multi_start_onestep.py random_states_3.pickle 360 master_log_360.txt
./multi_start_onestep.py random_states_3.pickle 361 master_log_361.txt
./multi_start_onestep.py random_states_3.pickle 362 master_log_362.txt
./multi_start_onestep.py random_states_3.pickle 363 master_log_363.txt
./multi_start_onestep.py random_states_3.pickle 364 master_log_364.txt
./multi_start_onestep.py random_states_3.pickle 365 master_log_365.txt
./multi_start_onestep.py random_states_3.pickle 366 master_log_366.txt
./multi_start_onestep.py random_states_3.pickle 367 master_log_367.txt
./multi_start_onestep.py random_states_3.pickle 368 master_log_368.txt
./multi_start_onestep.py random_states_3.pickle 369 master_log_369.txt
./multi_start_onestep.py random_states_3.pickle 370 master_log_370.txt
./multi_start_onestep.py random_states_3.pickle 371 master_log_371.txt
./multi_start_onestep.py random_states_3.pickle 372 master_log_372.txt
./multi_start_onestep.py random_states_3.pickle 373 master_log_373.txt
./multi_start_onestep.py random_states_3.pickle 374 master_log_374.txt
./multi_start_onestep.py random_states_3.pickle 375 master_log_375.txt
./multi_start_onestep.py random_states_3.pickle 376 master_log_376.txt
./multi_start_onestep.py random_states_3.pickle 377 master_log_377.txt
./multi_start_onestep.py random_states_3.pickle 378 master_log_378.txt
./multi_start_onestep.py random_states_3.pickle 379 master_log_379.txt
./multi_start_onestep.py random_states_3.pickle 380 master_log_380.txt
./multi_start_onestep.py random_states_3.pickle 381 master_log_381.txt
./multi_start_onestep.py random_states_3.pickle 382 master_log_382.txt
./multi_start_onestep.py random_states_3.pickle 383 master_log_383.txt
./multi_start_onestep.py random_states_3.pickle 384 master_log_384.txt
./multi_start_onestep.py random_states_3.pickle 385 master_log_385.txt
./multi_start_onestep.py random_states_3.pickle 386 master_log_386.txt
./multi_start_onestep.py random_states_3.pickle 387 master_log_387.txt
./multi_start_onestep.py random_states_3.pickle 388 master_log_388.txt
./multi_start_onestep.py random_states_3.pickle 389 master_log_389.txt
./multi_start_onestep.py random_states_3.pickle 390 master_log_390.txt
./multi_start_onestep.py random_states_3.pickle 391 master_log_391.txt
./multi_start_onestep.py random_states_3.pickle 392 master_log_392.txt
./multi_start_onestep.py random_states_3.pickle 393 master_log_393.txt
./multi_start_onestep.py random_states_3.pickle 394 master_log_394.txt
./multi_start_onestep.py random_states_3.pickle 395 master_log_395.txt
./multi_start_onestep.py random_states_3.pickle 396 master_log_396.txt
./multi_start_onestep.py random_states_3.pickle 397 master_log_397.txt
./multi_start_onestep.py random_states_3.pickle 398 master_log_398.txt
./multi_start_onestep.py random_states_3.pickle 399 master_log_399.txt
./multi_start_onestep.py random_states_3.pickle 400 master_log_400.txt
./multi_start_onestep.py random_states_3.pickle 401 master_log_401.txt
./multi_start_onestep.py random_states_3.pickle 402 master_log_402.txt
./multi_start_onestep.py random_states_3.pickle 403 master_log_403.txt
./multi_start_onestep.py random_states_3.pickle 404 master_log_404.txt
./multi_start_onestep.py random_states_3.pickle 405 master_log_405.txt
./multi_start_onestep.py random_states_3.pickle 406 master_log_406.txt
./multi_start_onestep.py random_states_3.pickle 407 master_log_407.txt
./multi_start_onestep.py random_states_3.pickle 408 master_log_408.txt
./multi_start_onestep.py random_states_3.pickle 409 master_log_409.txt
./multi_start_onestep.py random_states_3.pickle 410 master_log_410.txt
./multi_start_onestep.py random_states_3.pickle 411 master_log_411.txt
./multi_start_onestep.py random_states_3.pickle 412 master_log_412.txt
./multi_start_onestep.py random_states_3.pickle 413 master_log_413.txt
./multi_start_onestep.py random_states_3.pickle 414 master_log_414.txt
./multi_start_onestep.py random_states_3.pickle 415 master_log_415.txt
./multi_start_onestep.py random_states_3.pickle 416 master_log_416.txt
./multi_start_onestep.py random_states_3.pickle 417 master_log_417.txt
./multi_start_onestep.py random_states_3.pickle 418 master_log_418.txt
./multi_start_onestep.py random_states_3.pickle 419 master_log_419.txt
./multi_start_onestep.py random_states_3.pickle 420 master_log_420.txt
./multi_start_onestep.py random_states_3.pickle 421 master_log_421.txt
./multi_start_onestep.py random_states_3.pickle 422 master_log_422.txt
./multi_start_onestep.py random_states_3.pickle 423 master_log_423.txt
./multi_start_onestep.py random_states_3.pickle 424 master_log_424.txt
./multi_start_onestep.py random_states_3.pickle 425 master_log_425.txt
./multi_start_onestep.py random_states_3.pickle 426 master_log_426.txt
./multi_start_onestep.py random_states_3.pickle 427 master_log_427.txt
./multi_start_onestep.py random_states_3.pickle 428 master_log_428.txt
./multi_start_onestep.py random_states_3.pickle 429 master_log_429.txt
./multi_start_onestep.py random_states_3.pickle 430 master_log_430.txt
./multi_start_onestep.py random_states_3.pickle 431 master_log_431.txt
./multi_start_onestep.py random_states_3.pickle 432 master_log_432.txt
./multi_start_onestep.py random_states_3.pickle 433 master_log_433.txt
./multi_start_onestep.py random_states_3.pickle 434 master_log_434.txt
./multi_start_onestep.py random_states_3.pickle 435 master_log_435.txt
./multi_start_onestep.py random_states_3.pickle 436 master_log_436.txt
./multi_start_onestep.py random_states_3.pickle 437 master_log_437.txt
./multi_start_onestep.py random_states_3.pickle 438 master_log_438.txt
./multi_start_onestep.py random_states_3.pickle 439 master_log_439.txt
./multi_start_onestep.py random_states_3.pickle 440 master_log_440.txt
./multi_start_onestep.py random_states_3.pickle 441 master_log_441.txt
./multi_start_onestep.py random_states_3.pickle 442 master_log_442.txt
./multi_start_onestep.py random_states_3.pickle 443 master_log_443.txt
./multi_start_onestep.py random_states_3.pickle 444 master_log_444.txt
./multi_start_onestep.py random_states_3.pickle 445 master_log_445.txt
./multi_start_onestep.py random_states_3.pickle 446 master_log_446.txt
./multi_start_onestep.py random_states_3.pickle 447 master_log_447.txt
./multi_start_onestep.py random_states_3.pickle 448 master_log_448.txt
./multi_start_onestep.py random_states_3.pickle 449 master_log_449.txt
./multi_start_onestep.py random_states_3.pickle 450 master_log_450.txt
./multi_start_onestep.py random_states_3.pickle 451 master_log_451.txt
./multi_start_onestep.py random_states_3.pickle 452 master_log_452.txt
./multi_start_onestep.py random_states_3.pickle 453 master_log_453.txt
./multi_start_onestep.py random_states_3.pickle 454 master_log_454.txt
./multi_start_onestep.py random_states_3.pickle 455 master_log_455.txt
./multi_start_onestep.py random_states_3.pickle 456 master_log_456.txt
./multi_start_onestep.py random_states_3.pickle 457 master_log_457.txt
./multi_start_onestep.py random_states_3.pickle 458 master_log_458.txt
./multi_start_onestep.py random_states_3.pickle 459 master_log_459.txt
./multi_start_onestep.py random_states_3.pickle 460 master_log_460.txt
./multi_start_onestep.py random_states_3.pickle 461 master_log_461.txt
./multi_start_onestep.py random_states_3.pickle 462 master_log_462.txt
./multi_start_onestep.py random_states_3.pickle 463 master_log_463.txt
./multi_start_onestep.py random_states_3.pickle 464 master_log_464.txt
./multi_start_onestep.py random_states_3.pickle 465 master_log_465.txt
./multi_start_onestep.py random_states_3.pickle 466 master_log_466.txt
./multi_start_onestep.py random_states_3.pickle 467 master_log_467.txt
./multi_start_onestep.py random_states_3.pickle 468 master_log_468.txt
./multi_start_onestep.py random_states_3.pickle 469 master_log_469.txt
./multi_start_onestep.py random_states_3.pickle 470 master_log_470.txt
./multi_start_onestep.py random_states_3.pickle 471 master_log_471.txt
./multi_start_onestep.py random_states_3.pickle 472 master_log_472.txt
./multi_start_onestep.py random_states_3.pickle 473 master_log_473.txt
./multi_start_onestep.py random_states_3.pickle 474 master_log_474.txt
./multi_start_onestep.py random_states_3.pickle 475 master_log_475.txt
./multi_start_onestep.py random_states_3.pickle 476 master_log_476.txt
./multi_start_onestep.py random_states_3.pickle 477 master_log_477.txt
./multi_start_onestep.py random_states_3.pickle 478 master_log_478.txt
./multi_start_onestep.py random_states_3.pickle 479 master_log_479.txt
./multi_start_onestep.py random_states_3.pickle 480 master_log_480.txt
./multi_start_onestep.py random_states_3.pickle 481 master_log_481.txt
./multi_start_onestep.py random_states_3.pickle 482 master_log_482.txt
./multi_start_onestep.py random_states_3.pickle 483 master_log_483.txt
./multi_start_onestep.py random_states_3.pickle 484 master_log_484.txt
./multi_start_onestep.py random_states_3.pickle 485 master_log_485.txt
./multi_start_onestep.py random_states_3.pickle 486 master_log_486.txt
./multi_start_onestep.py random_states_3.pickle 487 master_log_487.txt
./multi_start_onestep.py random_states_3.pickle 488 master_log_488.txt
./multi_start_onestep.py random_states_3.pickle 489 master_log_489.txt
./multi_start_onestep.py random_states_3.pickle 490 master_log_490.txt
./multi_start_onestep.py random_states_3.pickle 491 master_log_491.txt
./multi_start_onestep.py random_states_3.pickle 492 master_log_492.txt
./multi_start_onestep.py random_states_3.pickle 493 master_log_493.txt
./multi_start_onestep.py random_states_3.pickle 494 master_log_494.txt
./multi_start_onestep.py random_states_3.pickle 495 master_log_495.txt
./multi_start_onestep.py random_states_3.pickle 496 master_log_496.txt
./multi_start_onestep.py random_states_3.pickle 497 master_log_497.txt
./multi_start_onestep.py random_states_3.pickle 498 master_log_498.txt
./multi_start_onestep.py random_states_3.pickle 499 master_log_499.txt
./multi_start_onestep.py random_states_3.pickle 500 master_log_500.txt
./multi_start_onestep.py random_states_3.pickle 501 master_log_501.txt
./multi_start_onestep.py random_states_3.pickle 502 master_log_502.txt
./multi_start_onestep.py random_states_3.pickle 503 master_log_503.txt
./multi_start_onestep.py random_states_3.pickle 504 master_log_504.txt
./multi_start_onestep.py random_states_3.pickle 505 master_log_505.txt
./multi_start_onestep.py random_states_3.pickle 506 master_log_506.txt
./multi_start_onestep.py random_states_3.pickle 507 master_log_507.txt
./multi_start_onestep.py random_states_3.pickle 508 master_log_508.txt
./multi_start_onestep.py random_states_3.pickle 509 master_log_509.txt
./multi_start_onestep.py random_states_3.pickle 510 master_log_510.txt
./multi_start_onestep.py random_states_3.pickle 511 master_log_511.txt
./multi_start_onestep.py random_states_3.pickle 512 master_log_512.txt
./multi_start_onestep.py random_states_3.pickle 513 master_log_513.txt
./multi_start_onestep.py random_states_3.pickle 514 master_log_514.txt
./multi_start_onestep.py random_states_3.pickle 515 master_log_515.txt
./multi_start_onestep.py random_states_3.pickle 516 master_log_516.txt
./multi_start_onestep.py random_states_3.pickle 517 master_log_517.txt
./multi_start_onestep.py random_states_3.pickle 518 master_log_518.txt
./multi_start_onestep.py random_states_3.pickle 519 master_log_519.txt
./multi_start_onestep.py random_states_3.pickle 520 master_log_520.txt
./multi_start_onestep.py random_states_3.pickle 521 master_log_521.txt
./multi_start_onestep.py random_states_3.pickle 522 master_log_522.txt
./multi_start_onestep.py random_states_3.pickle 523 master_log_523.txt
./multi_start_onestep.py random_states_3.pickle 524 master_log_524.txt
./multi_start_onestep.py random_states_3.pickle 525 master_log_525.txt
./multi_start_onestep.py random_states_3.pickle 526 master_log_526.txt
./multi_start_onestep.py random_states_3.pickle 527 master_log_527.txt
./multi_start_onestep.py random_states_3.pickle 528 master_log_528.txt
./multi_start_onestep.py random_states_3.pickle 529 master_log_529.txt
./multi_start_onestep.py random_states_3.pickle 530 master_log_530.txt
./multi_start_onestep.py random_states_3.pickle 531 master_log_531.txt
./multi_start_onestep.py random_states_3.pickle 532 master_log_532.txt
./multi_start_onestep.py random_states_3.pickle 533 master_log_533.txt
./multi_start_onestep.py random_states_3.pickle 534 master_log_534.txt
./multi_start_onestep.py random_states_3.pickle 535 master_log_535.txt
./multi_start_onestep.py random_states_3.pickle 536 master_log_536.txt
./multi_start_onestep.py random_states_3.pickle 537 master_log_537.txt
./multi_start_onestep.py random_states_3.pickle 538 master_log_538.txt
./multi_start_onestep.py random_states_3.pickle 539 master_log_539.txt
./multi_start_onestep.py random_states_3.pickle 540 master_log_540.txt
./multi_start_onestep.py random_states_3.pickle 541 master_log_541.txt
./multi_start_onestep.py random_states_3.pickle 542 master_log_542.txt
./multi_start_onestep.py random_states_3.pickle 543 master_log_543.txt
./multi_start_onestep.py random_states_3.pickle 544 master_log_544.txt
./multi_start_onestep.py random_states_3.pickle 545 master_log_545.txt
./multi_start_onestep.py random_states_3.pickle 546 master_log_546.txt
./multi_start_onestep.py random_states_3.pickle 547 master_log_547.txt
./multi_start_onestep.py random_states_3.pickle 548 master_log_548.txt
./multi_start_onestep.py random_states_3.pickle 549 master_log_549.txt
./multi_start_onestep.py random_states_3.pickle 550 master_log_550.txt
./multi_start_onestep.py random_states_3.pickle 551 master_log_551.txt
./multi_start_onestep.py random_states_3.pickle 552 master_log_552.txt
./multi_start_onestep.py random_states_3.pickle 553 master_log_553.txt
./multi_start_onestep.py random_states_3.pickle 554 master_log_554.txt
./multi_start_onestep.py random_states_3.pickle 555 master_log_555.txt
./multi_start_onestep.py random_states_3.pickle 556 master_log_556.txt
./multi_start_onestep.py random_states_3.pickle 557 master_log_557.txt
./multi_start_onestep.py random_states_3.pickle 558 master_log_558.txt
./multi_start_onestep.py random_states_3.pickle 559 master_log_559.txt
./multi_start_onestep.py random_states_3.pickle 560 master_log_560.txt
./multi_start_onestep.py random_states_3.pickle 561 master_log_561.txt
./multi_start_onestep.py random_states_3.pickle 562 master_log_562.txt
./multi_start_onestep.py random_states_3.pickle 563 master_log_563.txt
./multi_start_onestep.py random_states_3.pickle 564 master_log_564.txt
./multi_start_onestep.py random_states_3.pickle 565 master_log_565.txt
./multi_start_onestep.py random_states_3.pickle 566 master_log_566.txt
./multi_start_onestep.py random_states_3.pickle 567 master_log_567.txt
./multi_start_onestep.py random_states_3.pickle 568 master_log_568.txt
./multi_start_onestep.py random_states_3.pickle 569 master_log_569.txt
./multi_start_onestep.py random_states_3.pickle 570 master_log_570.txt
./multi_start_onestep.py random_states_3.pickle 571 master_log_571.txt
./multi_start_onestep.py random_states_3.pickle 572 master_log_572.txt
./multi_start_onestep.py random_states_3.pickle 573 master_log_573.txt
./multi_start_onestep.py random_states_3.pickle 574 master_log_574.txt
./multi_start_onestep.py random_states_3.pickle 575 master_log_575.txt
./multi_start_onestep.py random_states_3.pickle 576 master_log_576.txt
./multi_start_onestep.py random_states_3.pickle 577 master_log_577.txt
./multi_start_onestep.py random_states_3.pickle 578 master_log_578.txt
./multi_start_onestep.py random_states_3.pickle 579 master_log_579.txt
./multi_start_onestep.py random_states_3.pickle 580 master_log_580.txt
./multi_start_onestep.py random_states_3.pickle 581 master_log_581.txt
./multi_start_onestep.py random_states_3.pickle 582 master_log_582.txt
./multi_start_onestep.py random_states_3.pickle 583 master_log_583.txt
./multi_start_onestep.py random_states_3.pickle 584 master_log_584.txt
./multi_start_onestep.py random_states_3.pickle 585 master_log_585.txt
./multi_start_onestep.py random_states_3.pickle 586 master_log_586.txt
./multi_start_onestep.py random_states_3.pickle 587 master_log_587.txt
./multi_start_onestep.py random_states_3.pickle 588 master_log_588.txt
./multi_start_onestep.py random_states_3.pickle 589 master_log_589.txt
./multi_start_onestep.py random_states_3.pickle 590 master_log_590.txt
./multi_start_onestep.py random_states_3.pickle 591 master_log_591.txt
./multi_start_onestep.py random_states_3.pickle 592 master_log_592.txt
./multi_start_onestep.py random_states_3.pickle 593 master_log_593.txt
./multi_start_onestep.py random_states_3.pickle 594 master_log_594.txt
./multi_start_onestep.py random_states_3.pickle 595 master_log_595.txt
./multi_start_onestep.py random_states_3.pickle 596 master_log_596.txt
./multi_start_onestep.py random_states_3.pickle 597 master_log_597.txt
./multi_start_onestep.py random_states_3.pickle 598 master_log_598.txt
./multi_start_onestep.py random_states_3.pickle 599 master_log_599.txt
./multi_start_onestep.py random_states_3.pickle 600 master_log_600.txt
./multi_start_onestep.py random_states_3.pickle 601 master_log_601.txt
./multi_start_onestep.py random_states_3.pickle 602 master_log_602.txt
./multi_start_onestep.py random_states_3.pickle 603 master_log_603.txt
./multi_start_onestep.py random_states_3.pickle 604 master_log_604.txt
./multi_start_onestep.py random_states_3.pickle 605 master_log_605.txt
./multi_start_onestep.py random_states_3.pickle 606 master_log_606.txt
./multi_start_onestep.py random_states_3.pickle 607 master_log_607.txt
./multi_start_onestep.py random_states_3.pickle 608 master_log_608.txt
./multi_start_onestep.py random_states_3.pickle 609 master_log_609.txt
./multi_start_onestep.py random_states_3.pickle 610 master_log_610.txt
./multi_start_onestep.py random_states_3.pickle 611 master_log_611.txt
./multi_start_onestep.py random_states_3.pickle 612 master_log_612.txt
./multi_start_onestep.py random_states_3.pickle 613 master_log_613.txt
./multi_start_onestep.py random_states_3.pickle 614 master_log_614.txt
./multi_start_onestep.py random_states_3.pickle 615 master_log_615.txt
./multi_start_onestep.py random_states_3.pickle 616 master_log_616.txt
./multi_start_onestep.py random_states_3.pickle 617 master_log_617.txt
./multi_start_onestep.py random_states_3.pickle 618 master_log_618.txt
./multi_start_onestep.py random_states_3.pickle 619 master_log_619.txt
./multi_start_onestep.py random_states_3.pickle 620 master_log_620.txt
./multi_start_onestep.py random_states_3.pickle 621 master_log_621.txt
./multi_start_onestep.py random_states_3.pickle 622 master_log_622.txt
./multi_start_onestep.py random_states_3.pickle 623 master_log_623.txt
./multi_start_onestep.py random_states_3.pickle 624 master_log_624.txt
./multi_start_onestep.py random_states_3.pickle 625 master_log_625.txt
./multi_start_onestep.py random_states_3.pickle 626 master_log_626.txt
./multi_start_onestep.py random_states_3.pickle 627 master_log_627.txt
./multi_start_onestep.py random_states_3.pickle 628 master_log_628.txt
./multi_start_onestep.py random_states_3.pickle 629 master_log_629.txt
./multi_start_onestep.py random_states_3.pickle 630 master_log_630.txt
./multi_start_onestep.py random_states_3.pickle 631 master_log_631.txt
./multi_start_onestep.py random_states_3.pickle 632 master_log_632.txt
./multi_start_onestep.py random_states_3.pickle 633 master_log_633.txt
./multi_start_onestep.py random_states_3.pickle 634 master_log_634.txt
./multi_start_onestep.py random_states_3.pickle 635 master_log_635.txt
./multi_start_onestep.py random_states_3.pickle 636 master_log_636.txt
./multi_start_onestep.py random_states_3.pickle 637 master_log_637.txt
./multi_start_onestep.py random_states_3.pickle 638 master_log_638.txt
./multi_start_onestep.py random_states_3.pickle 639 master_log_639.txt
./multi_start_onestep.py random_states_3.pickle 640 master_log_640.txt
./multi_start_onestep.py random_states_3.pickle 641 master_log_641.txt
./multi_start_onestep.py random_states_3.pickle 642 master_log_642.txt
./multi_start_onestep.py random_states_3.pickle 643 master_log_643.txt
./multi_start_onestep.py random_states_3.pickle 644 master_log_644.txt
./multi_start_onestep.py random_states_3.pickle 645 master_log_645.txt
./multi_start_onestep.py random_states_3.pickle 646 master_log_646.txt
./multi_start_onestep.py random_states_3.pickle 647 master_log_647.txt
./multi_start_onestep.py random_states_3.pickle 648 master_log_648.txt
./multi_start_onestep.py random_states_3.pickle 649 master_log_649.txt
./multi_start_onestep.py random_states_3.pickle 650 master_log_650.txt
./multi_start_onestep.py random_states_3.pickle 651 master_log_651.txt
./multi_start_onestep.py random_states_3.pickle 652 master_log_652.txt
./multi_start_onestep.py random_states_3.pickle 653 master_log_653.txt
./multi_start_onestep.py random_states_3.pickle 654 master_log_654.txt
./multi_start_onestep.py random_states_3.pickle 655 master_log_655.txt
./multi_start_onestep.py random_states_3.pickle 656 master_log_656.txt
./multi_start_onestep.py random_states_3.pickle 657 master_log_657.txt
./multi_start_onestep.py random_states_3.pickle 658 master_log_658.txt
./multi_start_onestep.py random_states_3.pickle 659 master_log_659.txt
./multi_start_onestep.py random_states_3.pickle 660 master_log_660.txt
./multi_start_onestep.py random_states_3.pickle 661 master_log_661.txt
./multi_start_onestep.py random_states_3.pickle 662 master_log_662.txt
./multi_start_onestep.py random_states_3.pickle 663 master_log_663.txt
./multi_start_onestep.py random_states_3.pickle 664 master_log_664.txt
./multi_start_onestep.py random_states_3.pickle 665 master_log_665.txt
./multi_start_onestep.py random_states_3.pickle 666 master_log_666.txt
./multi_start_onestep.py random_states_3.pickle 667 master_log_667.txt
./multi_start_onestep.py random_states_3.pickle 668 master_log_668.txt
./multi_start_onestep.py random_states_3.pickle 669 master_log_669.txt
./multi_start_onestep.py random_states_3.pickle 670 master_log_670.txt
./multi_start_onestep.py random_states_3.pickle 671 master_log_671.txt
./multi_start_onestep.py random_states_3.pickle 672 master_log_672.txt
./multi_start_onestep.py random_states_3.pickle 673 master_log_673.txt
./multi_start_onestep.py random_states_3.pickle 674 master_log_674.txt
./multi_start_onestep.py random_states_3.pickle 675 master_log_675.txt
./multi_start_onestep.py random_states_3.pickle 676 master_log_676.txt
./multi_start_onestep.py random_states_3.pickle 677 master_log_677.txt
./multi_start_onestep.py random_states_3.pickle 678 master_log_678.txt
./multi_start_onestep.py random_states_3.pickle 679 master_log_679.txt
./multi_start_onestep.py random_states_3.pickle 680 master_log_680.txt
./multi_start_onestep.py random_states_3.pickle 681 master_log_681.txt
./multi_start_onestep.py random_states_3.pickle 682 master_log_682.txt
./multi_start_onestep.py random_states_3.pickle 683 master_log_683.txt
./multi_start_onestep.py random_states_3.pickle 684 master_log_684.txt
./multi_start_onestep.py random_states_3.pickle 685 master_log_685.txt
./multi_start_onestep.py random_states_3.pickle 686 master_log_686.txt
./multi_start_onestep.py random_states_3.pickle 687 master_log_687.txt
./multi_start_onestep.py random_states_3.pickle 688 master_log_688.txt
./multi_start_onestep.py random_states_3.pickle 689 master_log_689.txt
./multi_start_onestep.py random_states_3.pickle 690 master_log_690.txt
./multi_start_onestep.py random_states_3.pickle 691 master_log_691.txt
./multi_start_onestep.py random_states_3.pickle 692 master_log_692.txt
./multi_start_onestep.py random_states_3.pickle 693 master_log_693.txt
./multi_start_onestep.py random_states_3.pickle 694 master_log_694.txt
./multi_start_onestep.py random_states_3.pickle 695 master_log_695.txt
./multi_start_onestep.py random_states_3.pickle 696 master_log_696.txt
./multi_start_onestep.py random_states_3.pickle 697 master_log_697.txt
./multi_start_onestep.py random_states_3.pickle 698 master_log_698.txt
./multi_start_onestep.py random_states_3.pickle 699 master_log_699.txt
./multi_start_onestep.py random_states_3.pickle 700 master_log_700.txt
./multi_start_onestep.py random_states_3.pickle 701 master_log_701.txt
./multi_start_onestep.py random_states_3.pickle 702 master_log_702.txt
./multi_start_onestep.py random_states_3.pickle 703 master_log_703.txt
./multi_start_onestep.py random_states_3.pickle 704 master_log_704.txt
./multi_start_onestep.py random_states_3.pickle 705 master_log_705.txt
./multi_start_onestep.py random_states_3.pickle 706 master_log_706.txt
./multi_start_onestep.py random_states_3.pickle 707 master_log_707.txt
./multi_start_onestep.py random_states_3.pickle 708 master_log_708.txt
./multi_start_onestep.py random_states_3.pickle 709 master_log_709.txt
./multi_start_onestep.py random_states_3.pickle 710 master_log_710.txt
./multi_start_onestep.py random_states_3.pickle 711 master_log_711.txt
./multi_start_onestep.py random_states_3.pickle 712 master_log_712.txt
./multi_start_onestep.py random_states_3.pickle 713 master_log_713.txt
./multi_start_onestep.py random_states_3.pickle 714 master_log_714.txt
./multi_start_onestep.py random_states_3.pickle 715 master_log_715.txt
./multi_start_onestep.py random_states_3.pickle 716 master_log_716.txt
./multi_start_onestep.py random_states_3.pickle 717 master_log_717.txt
./multi_start_onestep.py random_states_3.pickle 718 master_log_718.txt
./multi_start_onestep.py random_states_3.pickle 719 master_log_719.txt
./multi_start_onestep.py random_states_3.pickle 720 master_log_720.txt
./multi_start_onestep.py random_states_3.pickle 721 master_log_721.txt
./multi_start_onestep.py random_states_3.pickle 722 master_log_722.txt
./multi_start_onestep.py random_states_3.pickle 723 master_log_723.txt
./multi_start_onestep.py random_states_3.pickle 724 master_log_724.txt
./multi_start_onestep.py random_states_3.pickle 725 master_log_725.txt
./multi_start_onestep.py random_states_3.pickle 726 master_log_726.txt
./multi_start_onestep.py random_states_3.pickle 727 master_log_727.txt
./multi_start_onestep.py random_states_3.pickle 728 master_log_728.txt
./multi_start_onestep.py random_states_3.pickle 729 master_log_729.txt
./multi_start_onestep.py random_states_3.pickle 730 master_log_730.txt
./multi_start_onestep.py random_states_3.pickle 731 master_log_731.txt
./multi_start_onestep.py random_states_3.pickle 732 master_log_732.txt
./multi_start_onestep.py random_states_3.pickle 733 master_log_733.txt
./multi_start_onestep.py random_states_3.pickle 734 master_log_734.txt
./multi_start_onestep.py random_states_3.pickle 735 master_log_735.txt
./multi_start_onestep.py random_states_3.pickle 736 master_log_736.txt
./multi_start_onestep.py random_states_3.pickle 737 master_log_737.txt
./multi_start_onestep.py random_states_3.pickle 738 master_log_738.txt
./multi_start_onestep.py random_states_3.pickle 739 master_log_739.txt
./multi_start_onestep.py random_states_3.pickle 740 master_log_740.txt
./multi_start_onestep.py random_states_3.pickle 741 master_log_741.txt
./multi_start_onestep.py random_states_3.pickle 742 master_log_742.txt
./multi_start_onestep.py random_states_3.pickle 743 master_log_743.txt
./multi_start_onestep.py random_states_3.pickle 744 master_log_744.txt
./multi_start_onestep.py random_states_3.pickle 745 master_log_745.txt
./multi_start_onestep.py random_states_3.pickle 746 master_log_746.txt
./multi_start_onestep.py random_states_3.pickle 747 master_log_747.txt
./multi_start_onestep.py random_states_3.pickle 748 master_log_748.txt
./multi_start_onestep.py random_states_3.pickle 749 master_log_749.txt
./multi_start_onestep.py random_states_3.pickle 750 master_log_750.txt
./multi_start_onestep.py random_states_3.pickle 751 master_log_751.txt
./multi_start_onestep.py random_states_3.pickle 752 master_log_752.txt
./multi_start_onestep.py random_states_3.pickle 753 master_log_753.txt
./multi_start_onestep.py random_states_3.pickle 754 master_log_754.txt
./multi_start_onestep.py random_states_3.pickle 755 master_log_755.txt
./multi_start_onestep.py random_states_3.pickle 756 master_log_756.txt
./multi_start_onestep.py random_states_3.pickle 757 master_log_757.txt
./multi_start_onestep.py random_states_3.pickle 758 master_log_758.txt
./multi_start_onestep.py random_states_3.pickle 759 master_log_759.txt
./multi_start_onestep.py random_states_3.pickle 760 master_log_760.txt
./multi_start_onestep.py random_states_3.pickle 761 master_log_761.txt
./multi_start_onestep.py random_states_3.pickle 762 master_log_762.txt
./multi_start_onestep.py random_states_3.pickle 763 master_log_763.txt
./multi_start_onestep.py random_states_3.pickle 764 master_log_764.txt
./multi_start_onestep.py random_states_3.pickle 765 master_log_765.txt
./multi_start_onestep.py random_states_3.pickle 766 master_log_766.txt
./multi_start_onestep.py random_states_3.pickle 767 master_log_767.txt
./multi_start_onestep.py random_states_3.pickle 768 master_log_768.txt
./multi_start_onestep.py random_states_3.pickle 769 master_log_769.txt
./multi_start_onestep.py random_states_3.pickle 770 master_log_770.txt
./multi_start_onestep.py random_states_3.pickle 771 master_log_771.txt
./multi_start_onestep.py random_states_3.pickle 772 master_log_772.txt
./multi_start_onestep.py random_states_3.pickle 773 master_log_773.txt
./multi_start_onestep.py random_states_3.pickle 774 master_log_774.txt
./multi_start_onestep.py random_states_3.pickle 775 master_log_775.txt
./multi_start_onestep.py random_states_3.pickle 776 master_log_776.txt
./multi_start_onestep.py random_states_3.pickle 777 master_log_777.txt
./multi_start_onestep.py random_states_3.pickle 778 master_log_778.txt
./multi_start_onestep.py random_states_3.pickle 779 master_log_779.txt
./multi_start_onestep.py random_states_3.pickle 780 master_log_780.txt
./multi_start_onestep.py random_states_3.pickle 781 master_log_781.txt
./multi_start_onestep.py random_states_3.pickle 782 master_log_782.txt
./multi_start_onestep.py random_states_3.pickle 783 master_log_783.txt
./multi_start_onestep.py random_states_3.pickle 784 master_log_784.txt
./multi_start_onestep.py random_states_3.pickle 785 master_log_785.txt
./multi_start_onestep.py random_states_3.pickle 786 master_log_786.txt
./multi_start_onestep.py random_states_3.pickle 787 master_log_787.txt
./multi_start_onestep.py random_states_3.pickle 788 master_log_788.txt
./multi_start_onestep.py random_states_3.pickle 789 master_log_789.txt
./multi_start_onestep.py random_states_3.pickle 790 master_log_790.txt
./multi_start_onestep.py random_states_3.pickle 791 master_log_791.txt
./multi_start_onestep.py random_states_3.pickle 792 master_log_792.txt
./multi_start_onestep.py random_states_3.pickle 793 master_log_793.txt
./multi_start_onestep.py random_states_3.pickle 794 master_log_794.txt
./multi_start_onestep.py random_states_3.pickle 795 master_log_795.txt
./multi_start_onestep.py random_states_3.pickle 796 master_log_796.txt
./multi_start_onestep.py random_states_3.pickle 797 master_log_797.txt
./multi_start_onestep.py random_states_3.pickle 798 master_log_798.txt
./multi_start_onestep.py random_states_3.pickle 799 master_log_799.txt
./multi_start_onestep.py random_states_3.pickle 800 master_log_800.txt
./multi_start_onestep.py random_states_3.pickle 801 master_log_801.txt
./multi_start_onestep.py random_states_3.pickle 802 master_log_802.txt
./multi_start_onestep.py random_states_3.pickle 803 master_log_803.txt
./multi_start_onestep.py random_states_3.pickle 804 master_log_804.txt
./multi_start_onestep.py random_states_3.pickle 805 master_log_805.txt
./multi_start_onestep.py random_states_3.pickle 806 master_log_806.txt
./multi_start_onestep.py random_states_3.pickle 807 master_log_807.txt
./multi_start_onestep.py random_states_3.pickle 808 master_log_808.txt
./multi_start_onestep.py random_states_3.pickle 809 master_log_809.txt
./multi_start_onestep.py random_states_3.pickle 810 master_log_810.txt
./multi_start_onestep.py random_states_3.pickle 811 master_log_811.txt
./multi_start_onestep.py random_states_3.pickle 812 master_log_812.txt
./multi_start_onestep.py random_states_3.pickle 813 master_log_813.txt
./multi_start_onestep.py random_states_3.pickle 814 master_log_814.txt
./multi_start_onestep.py random_states_3.pickle 815 master_log_815.txt
./multi_start_onestep.py random_states_3.pickle 816 master_log_816.txt
./multi_start_onestep.py random_states_3.pickle 817 master_log_817.txt
./multi_start_onestep.py random_states_3.pickle 818 master_log_818.txt
./multi_start_onestep.py random_states_3.pickle 819 master_log_819.txt
./multi_start_onestep.py random_states_3.pickle 820 master_log_820.txt
./multi_start_onestep.py random_states_3.pickle 821 master_log_821.txt
./multi_start_onestep.py random_states_3.pickle 822 master_log_822.txt
./multi_start_onestep.py random_states_3.pickle 823 master_log_823.txt
./multi_start_onestep.py random_states_3.pickle 824 master_log_824.txt
./multi_start_onestep.py random_states_3.pickle 825 master_log_825.txt
./multi_start_onestep.py random_states_3.pickle 826 master_log_826.txt
./multi_start_onestep.py random_states_3.pickle 827 master_log_827.txt
./multi_start_onestep.py random_states_3.pickle 828 master_log_828.txt
./multi_start_onestep.py random_states_3.pickle 829 master_log_829.txt
./multi_start_onestep.py random_states_3.pickle 830 master_log_830.txt
./multi_start_onestep.py random_states_3.pickle 831 master_log_831.txt
./multi_start_onestep.py random_states_3.pickle 832 master_log_832.txt
./multi_start_onestep.py random_states_3.pickle 833 master_log_833.txt
./multi_start_onestep.py random_states_3.pickle 834 master_log_834.txt
./multi_start_onestep.py random_states_3.pickle 835 master_log_835.txt
./multi_start_onestep.py random_states_3.pickle 836 master_log_836.txt
./multi_start_onestep.py random_states_3.pickle 837 master_log_837.txt
./multi_start_onestep.py random_states_3.pickle 838 master_log_838.txt
./multi_start_onestep.py random_states_3.pickle 839 master_log_839.txt
./multi_start_onestep.py random_states_3.pickle 840 master_log_840.txt
./multi_start_onestep.py random_states_3.pickle 841 master_log_841.txt
./multi_start_onestep.py random_states_3.pickle 842 master_log_842.txt
./multi_start_onestep.py random_states_3.pickle 843 master_log_843.txt
./multi_start_onestep.py random_states_3.pickle 844 master_log_844.txt
./multi_start_onestep.py random_states_3.pickle 845 master_log_845.txt
./multi_start_onestep.py random_states_3.pickle 846 master_log_846.txt
./multi_start_onestep.py random_states_3.pickle 847 master_log_847.txt
./multi_start_onestep.py random_states_3.pickle 848 master_log_848.txt
./multi_start_onestep.py random_states_3.pickle 849 master_log_849.txt
./multi_start_onestep.py random_states_3.pickle 850 master_log_850.txt
./multi_start_onestep.py random_states_3.pickle 851 master_log_851.txt
./multi_start_onestep.py random_states_3.pickle 852 master_log_852.txt
./multi_start_onestep.py random_states_3.pickle 853 master_log_853.txt
./multi_start_onestep.py random_states_3.pickle 854 master_log_854.txt
./multi_start_onestep.py random_states_3.pickle 855 master_log_855.txt
./multi_start_onestep.py random_states_3.pickle 856 master_log_856.txt
./multi_start_onestep.py random_states_3.pickle 857 master_log_857.txt
./multi_start_onestep.py random_states_3.pickle 858 master_log_858.txt
./multi_start_onestep.py random_states_3.pickle 859 master_log_859.txt
./multi_start_onestep.py random_states_3.pickle 860 master_log_860.txt
./multi_start_onestep.py random_states_3.pickle 861 master_log_861.txt
./multi_start_onestep.py random_states_3.pickle 862 master_log_862.txt
./multi_start_onestep.py random_states_3.pickle 863 master_log_863.txt
./multi_start_onestep.py random_states_3.pickle 864 master_log_864.txt
./multi_start_onestep.py random_states_3.pickle 865 master_log_865.txt
./multi_start_onestep.py random_states_3.pickle 866 master_log_866.txt
./multi_start_onestep.py random_states_3.pickle 867 master_log_867.txt
./multi_start_onestep.py random_states_3.pickle 868 master_log_868.txt
./multi_start_onestep.py random_states_3.pickle 869 master_log_869.txt
./multi_start_onestep.py random_states_3.pickle 870 master_log_870.txt
./multi_start_onestep.py random_states_3.pickle 871 master_log_871.txt
./multi_start_onestep.py random_states_3.pickle 872 master_log_872.txt
./multi_start_onestep.py random_states_3.pickle 873 master_log_873.txt
./multi_start_onestep.py random_states_3.pickle 874 master_log_874.txt
./multi_start_onestep.py random_states_3.pickle 875 master_log_875.txt
./multi_start_onestep.py random_states_3.pickle 876 master_log_876.txt
./multi_start_onestep.py random_states_3.pickle 877 master_log_877.txt
./multi_start_onestep.py random_states_3.pickle 878 master_log_878.txt
./multi_start_onestep.py random_states_3.pickle 879 master_log_879.txt
./multi_start_onestep.py random_states_3.pickle 880 master_log_880.txt
./multi_start_onestep.py random_states_3.pickle 881 master_log_881.txt
./multi_start_onestep.py random_states_3.pickle 882 master_log_882.txt
./multi_start_onestep.py random_states_3.pickle 883 master_log_883.txt
./multi_start_onestep.py random_states_3.pickle 884 master_log_884.txt
./multi_start_onestep.py random_states_3.pickle 885 master_log_885.txt
./multi_start_onestep.py random_states_3.pickle 886 master_log_886.txt
./multi_start_onestep.py random_states_3.pickle 887 master_log_887.txt
./multi_start_onestep.py random_states_3.pickle 888 master_log_888.txt
./multi_start_onestep.py random_states_3.pickle 889 master_log_889.txt
./multi_start_onestep.py random_states_3.pickle 890 master_log_890.txt
./multi_start_onestep.py random_states_3.pickle 891 master_log_891.txt
./multi_start_onestep.py random_states_3.pickle 892 master_log_892.txt
./multi_start_onestep.py random_states_3.pickle 893 master_log_893.txt
./multi_start_onestep.py random_states_3.pickle 894 master_log_894.txt
./multi_start_onestep.py random_states_3.pickle 895 master_log_895.txt
./multi_start_onestep.py random_states_3.pickle 896 master_log_896.txt
./multi_start_onestep.py random_states_3.pickle 897 master_log_897.txt
./multi_start_onestep.py random_states_3.pickle 898 master_log_898.txt
./multi_start_onestep.py random_states_3.pickle 899 master_log_899.txt
./multi_start_onestep.py random_states_3.pickle 900 master_log_900.txt
./multi_start_onestep.py random_states_3.pickle 901 master_log_901.txt
./multi_start_onestep.py random_states_3.pickle 902 master_log_902.txt
./multi_start_onestep.py random_states_3.pickle 903 master_log_903.txt
./multi_start_onestep.py random_states_3.pickle 904 master_log_904.txt
./multi_start_onestep.py random_states_3.pickle 905 master_log_905.txt
./multi_start_onestep.py random_states_3.pickle 906 master_log_906.txt
./multi_start_onestep.py random_states_3.pickle 907 master_log_907.txt
./multi_start_onestep.py random_states_3.pickle 908 master_log_908.txt
./multi_start_onestep.py random_states_3.pickle 909 master_log_909.txt
./multi_start_onestep.py random_states_3.pickle 910 master_log_910.txt
./multi_start_onestep.py random_states_3.pickle 911 master_log_911.txt
./multi_start_onestep.py random_states_3.pickle 912 master_log_912.txt
./multi_start_onestep.py random_states_3.pickle 913 master_log_913.txt
./multi_start_onestep.py random_states_3.pickle 914 master_log_914.txt
./multi_start_onestep.py random_states_3.pickle 915 master_log_915.txt
./multi_start_onestep.py random_states_3.pickle 916 master_log_916.txt
./multi_start_onestep.py random_states_3.pickle 917 master_log_917.txt
./multi_start_onestep.py random_states_3.pickle 918 master_log_918.txt
./multi_start_onestep.py random_states_3.pickle 919 master_log_919.txt
./multi_start_onestep.py random_states_3.pickle 920 master_log_920.txt
./multi_start_onestep.py random_states_3.pickle 921 master_log_921.txt
./multi_start_onestep.py random_states_3.pickle 922 master_log_922.txt
./multi_start_onestep.py random_states_3.pickle 923 master_log_923.txt
./multi_start_onestep.py random_states_3.pickle 924 master_log_924.txt
./multi_start_onestep.py random_states_3.pickle 925 master_log_925.txt
./multi_start_onestep.py random_states_3.pickle 926 master_log_926.txt
./multi_start_onestep.py random_states_3.pickle 927 master_log_927.txt
./multi_start_onestep.py random_states_3.pickle 928 master_log_928.txt
./multi_start_onestep.py random_states_3.pickle 929 master_log_929.txt
./multi_start_onestep.py random_states_3.pickle 930 master_log_930.txt
./multi_start_onestep.py random_states_3.pickle 931 master_log_931.txt
./multi_start_onestep.py random_states_3.pickle 932 master_log_932.txt
./multi_start_onestep.py random_states_3.pickle 933 master_log_933.txt
./multi_start_onestep.py random_states_3.pickle 934 master_log_934.txt
./multi_start_onestep.py random_states_3.pickle 935 master_log_935.txt
./multi_start_onestep.py random_states_3.pickle 936 master_log_936.txt
./multi_start_onestep.py random_states_3.pickle 937 master_log_937.txt
./multi_start_onestep.py random_states_3.pickle 938 master_log_938.txt
./multi_start_onestep.py random_states_3.pickle 939 master_log_939.txt
./multi_start_onestep.py random_states_3.pickle 940 master_log_940.txt
./multi_start_onestep.py random_states_3.pickle 941 master_log_941.txt
./multi_start_onestep.py random_states_3.pickle 942 master_log_942.txt
./multi_start_onestep.py random_states_3.pickle 943 master_log_943.txt
./multi_start_onestep.py random_states_3.pickle 944 master_log_944.txt
./multi_start_onestep.py random_states_3.pickle 945 master_log_945.txt
./multi_start_onestep.py random_states_3.pickle 946 master_log_946.txt
./multi_start_onestep.py random_states_3.pickle 947 master_log_947.txt
./multi_start_onestep.py random_states_3.pickle 948 master_log_948.txt
./multi_start_onestep.py random_states_3.pickle 949 master_log_949.txt
./multi_start_onestep.py random_states_3.pickle 950 master_log_950.txt
./multi_start_onestep.py random_states_3.pickle 951 master_log_951.txt
./multi_start_onestep.py random_states_3.pickle 952 master_log_952.txt
./multi_start_onestep.py random_states_3.pickle 953 master_log_953.txt
./multi_start_onestep.py random_states_3.pickle 954 master_log_954.txt
./multi_start_onestep.py random_states_3.pickle 955 master_log_955.txt
./multi_start_onestep.py random_states_3.pickle 956 master_log_956.txt
./multi_start_onestep.py random_states_3.pickle 957 master_log_957.txt
./multi_start_onestep.py random_states_3.pickle 958 master_log_958.txt
./multi_start_onestep.py random_states_3.pickle 959 master_log_959.txt
./multi_start_onestep.py random_states_3.pickle 960 master_log_960.txt
./multi_start_onestep.py random_states_3.pickle 961 master_log_961.txt
./multi_start_onestep.py random_states_3.pickle 962 master_log_962.txt
./multi_start_onestep.py random_states_3.pickle 963 master_log_963.txt
./multi_start_onestep.py random_states_3.pickle 964 master_log_964.txt
./multi_start_onestep.py random_states_3.pickle 965 master_log_965.txt
./multi_start_onestep.py random_states_3.pickle 966 master_log_966.txt
./multi_start_onestep.py random_states_3.pickle 967 master_log_967.txt
./multi_start_onestep.py random_states_3.pickle 968 master_log_968.txt
./multi_start_onestep.py random_states_3.pickle 969 master_log_969.txt
./multi_start_onestep.py random_states_3.pickle 970 master_log_970.txt
./multi_start_onestep.py random_states_3.pickle 971 master_log_971.txt
./multi_start_onestep.py random_states_3.pickle 972 master_log_972.txt
./multi_start_onestep.py random_states_3.pickle 973 master_log_973.txt
./multi_start_onestep.py random_states_3.pickle 974 master_log_974.txt
./multi_start_onestep.py random_states_3.pickle 975 master_log_975.txt
./multi_start_onestep.py random_states_3.pickle 976 master_log_976.txt
./multi_start_onestep.py random_states_3.pickle 977 master_log_977.txt
./multi_start_onestep.py random_states_3.pickle 978 master_log_978.txt
./multi_start_onestep.py random_states_3.pickle 979 master_log_979.txt
./multi_start_onestep.py random_states_3.pickle 980 master_log_980.txt
./multi_start_onestep.py random_states_3.pickle 981 master_log_981.txt
./multi_start_onestep.py random_states_3.pickle 982 master_log_982.txt
./multi_start_onestep.py random_states_3.pickle 983 master_log_983.txt
./multi_start_onestep.py random_states_3.pickle 984 master_log_984.txt
./multi_start_onestep.py random_states_3.pickle 985 master_log_985.txt
./multi_start_onestep.py random_states_3.pickle 986 master_log_986.txt
./multi_start_onestep.py random_states_3.pickle 987 master_log_987.txt
./multi_start_onestep.py random_states_3.pickle 988 master_log_988.txt
./multi_start_onestep.py random_states_3.pickle 989 master_log_989.txt
./multi_start_onestep.py random_states_3.pickle 990 master_log_990.txt
./multi_start_onestep.py random_states_3.pickle 991 master_log_991.txt
./multi_start_onestep.py random_states_3.pickle 992 master_log_992.txt
./multi_start_onestep.py random_states_3.pickle 993 master_log_993.txt
./multi_start_onestep.py random_states_3.pickle 994 master_log_994.txt
./multi_start_onestep.py random_states_3.pickle 995 master_log_995.txt
./multi_start_onestep.py random_states_3.pickle 996 master_log_996.txt
./multi_start_onestep.py random_states_3.pickle 997 master_log_997.txt
./multi_start_onestep.py random_states_3.pickle 998 master_log_998.txt
./multi_start_onestep.py random_states_3.pickle 999 master_log_999.txt
./multi_start_onestep.py random_states_3.pickle 1000 master_log_1000.txt
