./multi_start_onestep.py random_states_3.pickle 1 master_log_1.txt
./multi_start_onestep.py random_states_3.pickle 2 master_log_2.txt
./multi_start_onestep.py random_states_3.pickle 3 master_log_3.txt
./multi_start_onestep.py random_states_3.pickle 4 master_log_4.txt
./multi_start_onestep.py random_states_3.pickle 5 master_log_5.txt
./multi_start_onestep.py random_states_3.pickle 6 master_log_6.txt
./multi_start_onestep.py random_states_3.pickle 7 master_log_7.txt
./multi_start_onestep.py random_states_3.pickle 8 master_log_8.txt
./multi_start_onestep.py random_states_3.pickle 9 master_log_9.txt
./multi_start_onestep.py random_states_3.pickle 10 master_log_10.txt
./multi_start_onestep.py random_states_3.pickle 11 master_log_11.txt
./multi_start_onestep.py random_states_3.pickle 12 master_log_12.txt
./multi_start_onestep.py random_states_3.pickle 13 master_log_13.txt
./multi_start_onestep.py random_states_3.pickle 14 master_log_14.txt
./multi_start_onestep.py random_states_3.pickle 15 master_log_15.txt
./multi_start_onestep.py random_states_3.pickle 16 master_log_16.txt
./multi_start_onestep.py random_states_3.pickle 17 master_log_17.txt
./multi_start_onestep.py random_states_3.pickle 18 master_log_18.txt
./multi_start_onestep.py random_states_3.pickle 19 master_log_19.txt
./multi_start_onestep.py random_states_3.pickle 20 master_log_20.txt
