scp -i /Users/naienh/Downloads/test1.pem ec2-user@ec2-34-209-25-24.us-west-2.compute.amazonaws.com:/home/ec2-user/GitHub/showcase/3rd_level/log/model/Preset_Case_801_pf.pickle /Users/naienh/Desktop/model
scp -i /Users/naienh/Downloads/test1.pem ec2-user@ec2-34-209-25-24.us-west-2.compute.amazonaws.com:/home/ec2-user/GitHub/showcase/3rd_level/log/model/Preset_Case_802_pf.pickle /Users/naienh/Desktop/model
scp -i /Users/naienh/Downloads/test1.pem ec2-user@ec2-34-209-25-24.us-west-2.compute.amazonaws.com:/home/ec2-user/GitHub/showcase/3rd_level/log/model/Preset_Case_803_pf.pickle /Users/naienh/Desktop/model
scp -i /Users/naienh/Downloads/test1.pem ec2-user@ec2-34-209-25-24.us-west-2.compute.amazonaws.com:/home/ec2-user/GitHub/showcase/3rd_level/log/model/Preset_Case_804_pf.pickle /Users/naienh/Desktop/model
scp -i /Users/naienh/Downloads/test1.pem ec2-user@ec2-34-209-25-24.us-west-2.compute.amazonaws.com:/home/ec2-user/GitHub/showcase/3rd_level/log/model/Preset_Case_805_pf.pickle /Users/naienh/Desktop/model
scp -i /Users/naienh/Downloads/test1.pem ec2-user@ec2-34-209-25-24.us-west-2.compute.amazonaws.com:/home/ec2-user/GitHub/showcase/3rd_level/log/model/Preset_Case_806_pf.pickle /Users/naienh/Desktop/model
scp -i /Users/naienh/Downloads/test1.pem ec2-user@ec2-34-209-25-24.us-west-2.compute.amazonaws.com:/home/ec2-user/GitHub/showcase/3rd_level/log/model/Preset_Case_807_pf.pickle /Users/naienh/Desktop/model
scp -i /Users/naienh/Downloads/test1.pem ec2-user@ec2-34-209-25-24.us-west-2.compute.amazonaws.com:/home/ec2-user/GitHub/showcase/3rd_level/log/model/Preset_Case_808_pf.pickle /Users/naienh/Desktop/model
scp -i /Users/naienh/Downloads/test1.pem ec2-user@ec2-34-209-25-24.us-west-2.compute.amazonaws.com:/home/ec2-user/GitHub/showcase/3rd_level/log/model/Preset_Case_809_pf.pickle /Users/naienh/Desktop/model
scp -i /Users/naienh/Downloads/test1.pem ec2-user@ec2-34-209-25-24.us-west-2.compute.amazonaws.com:/home/ec2-user/GitHub/showcase/3rd_level/log/model/Preset_Case_810_pf.pickle /Users/naienh/Desktop/model
scp -i /Users/naienh/Downloads/test1.pem ec2-user@ec2-34-209-25-24.us-west-2.compute.amazonaws.com:/home/ec2-user/GitHub/showcase/3rd_level/log/model/Preset_Case_811_pf.pickle /Users/naienh/Desktop/model
scp -i /Users/naienh/Downloads/test1.pem ec2-user@ec2-34-209-25-24.us-west-2.compute.amazonaws.com:/home/ec2-user/GitHub/showcase/3rd_level/log/model/Preset_Case_812_pf.pickle /Users/naienh/Desktop/model
scp -i /Users/naienh/Downloads/test1.pem ec2-user@ec2-34-209-25-24.us-west-2.compute.amazonaws.com:/home/ec2-user/GitHub/showcase/3rd_level/log/model/Preset_Case_813_pf.pickle /Users/naienh/Desktop/model
scp -i /Users/naienh/Downloads/test1.pem ec2-user@ec2-34-209-25-24.us-west-2.compute.amazonaws.com:/home/ec2-user/GitHub/showcase/3rd_level/log/model/Preset_Case_814_pf.pickle /Users/naienh/Desktop/model
scp -i /Users/naienh/Downloads/test1.pem ec2-user@ec2-34-209-25-24.us-west-2.compute.amazonaws.com:/home/ec2-user/GitHub/showcase/3rd_level/log/model/Preset_Case_815_pf.pickle /Users/naienh/Desktop/model
scp -i /Users/naienh/Downloads/test1.pem ec2-user@ec2-34-209-25-24.us-west-2.compute.amazonaws.com:/home/ec2-user/GitHub/showcase/3rd_level/log/model/Preset_Case_816_pf.pickle /Users/naienh/Desktop/model
scp -i /Users/naienh/Downloads/test1.pem ec2-user@ec2-34-209-25-24.us-west-2.compute.amazonaws.com:/home/ec2-user/GitHub/showcase/3rd_level/log/model/Preset_Case_817_pf.pickle /Users/naienh/Desktop/model
scp -i /Users/naienh/Downloads/test1.pem ec2-user@ec2-34-209-25-24.us-west-2.compute.amazonaws.com:/home/ec2-user/GitHub/showcase/3rd_level/log/model/Preset_Case_818_pf.pickle /Users/naienh/Desktop/model
scp -i /Users/naienh/Downloads/test1.pem ec2-user@ec2-34-209-25-24.us-west-2.compute.amazonaws.com:/home/ec2-user/GitHub/showcase/3rd_level/log/model/Preset_Case_819_pf.pickle /Users/naienh/Desktop/model
scp -i /Users/naienh/Downloads/test1.pem ec2-user@ec2-34-209-25-24.us-west-2.compute.amazonaws.com:/home/ec2-user/GitHub/showcase/3rd_level/log/model/Preset_Case_820_pf.pickle /Users/naienh/Desktop/model
scp -i /Users/naienh/Downloads/test1.pem ec2-user@ec2-34-209-25-24.us-west-2.compute.amazonaws.com:/home/ec2-user/GitHub/showcase/3rd_level/log/model/Preset_Case_821_pf.pickle /Users/naienh/Desktop/model
scp -i /Users/naienh/Downloads/test1.pem ec2-user@ec2-34-209-25-24.us-west-2.compute.amazonaws.com:/home/ec2-user/GitHub/showcase/3rd_level/log/model/Preset_Case_822_pf.pickle /Users/naienh/Desktop/model
scp -i /Users/naienh/Downloads/test1.pem ec2-user@ec2-34-209-25-24.us-west-2.compute.amazonaws.com:/home/ec2-user/GitHub/showcase/3rd_level/log/model/Preset_Case_823_pf.pickle /Users/naienh/Desktop/model
scp -i /Users/naienh/Downloads/test1.pem ec2-user@ec2-34-209-25-24.us-west-2.compute.amazonaws.com:/home/ec2-user/GitHub/showcase/3rd_level/log/model/Preset_Case_824_pf.pickle /Users/naienh/Desktop/model
scp -i /Users/naienh/Downloads/test1.pem ec2-user@ec2-34-209-25-24.us-west-2.compute.amazonaws.com:/home/ec2-user/GitHub/showcase/3rd_level/log/model/Preset_Case_825_pf.pickle /Users/naienh/Desktop/model
scp -i /Users/naienh/Downloads/test1.pem ec2-user@ec2-34-209-25-24.us-west-2.compute.amazonaws.com:/home/ec2-user/GitHub/showcase/3rd_level/log/model/Preset_Case_826_pf.pickle /Users/naienh/Desktop/model
scp -i /Users/naienh/Downloads/test1.pem ec2-user@ec2-34-209-25-24.us-west-2.compute.amazonaws.com:/home/ec2-user/GitHub/showcase/3rd_level/log/model/Preset_Case_827_pf.pickle /Users/naienh/Desktop/model
scp -i /Users/naienh/Downloads/test1.pem ec2-user@ec2-34-209-25-24.us-west-2.compute.amazonaws.com:/home/ec2-user/GitHub/showcase/3rd_level/log/model/Preset_Case_828_pf.pickle /Users/naienh/Desktop/model
scp -i /Users/naienh/Downloads/test1.pem ec2-user@ec2-34-209-25-24.us-west-2.compute.amazonaws.com:/home/ec2-user/GitHub/showcase/3rd_level/log/model/Preset_Case_829_pf.pickle /Users/naienh/Desktop/model
scp -i /Users/naienh/Downloads/test1.pem ec2-user@ec2-34-209-25-24.us-west-2.compute.amazonaws.com:/home/ec2-user/GitHub/showcase/3rd_level/log/model/Preset_Case_830_pf.pickle /Users/naienh/Desktop/model
scp -i /Users/naienh/Downloads/test1.pem ec2-user@ec2-34-209-25-24.us-west-2.compute.amazonaws.com:/home/ec2-user/GitHub/showcase/3rd_level/log/model/Preset_Case_831_pf.pickle /Users/naienh/Desktop/model
scp -i /Users/naienh/Downloads/test1.pem ec2-user@ec2-34-209-25-24.us-west-2.compute.amazonaws.com:/home/ec2-user/GitHub/showcase/3rd_level/log/model/Preset_Case_832_pf.pickle /Users/naienh/Desktop/model
scp -i /Users/naienh/Downloads/test1.pem ec2-user@ec2-34-209-25-24.us-west-2.compute.amazonaws.com:/home/ec2-user/GitHub/showcase/3rd_level/log/model/Preset_Case_833_pf.pickle /Users/naienh/Desktop/model
scp -i /Users/naienh/Downloads/test1.pem ec2-user@ec2-34-209-25-24.us-west-2.compute.amazonaws.com:/home/ec2-user/GitHub/showcase/3rd_level/log/model/Preset_Case_834_pf.pickle /Users/naienh/Desktop/model
scp -i /Users/naienh/Downloads/test1.pem ec2-user@ec2-34-209-25-24.us-west-2.compute.amazonaws.com:/home/ec2-user/GitHub/showcase/3rd_level/log/model/Preset_Case_835_pf.pickle /Users/naienh/Desktop/model
scp -i /Users/naienh/Downloads/test1.pem ec2-user@ec2-34-209-25-24.us-west-2.compute.amazonaws.com:/home/ec2-user/GitHub/showcase/3rd_level/log/model/Preset_Case_836_pf.pickle /Users/naienh/Desktop/model
scp -i /Users/naienh/Downloads/test1.pem ec2-user@ec2-34-209-25-24.us-west-2.compute.amazonaws.com:/home/ec2-user/GitHub/showcase/3rd_level/log/model/Preset_Case_837_pf.pickle /Users/naienh/Desktop/model
scp -i /Users/naienh/Downloads/test1.pem ec2-user@ec2-34-209-25-24.us-west-2.compute.amazonaws.com:/home/ec2-user/GitHub/showcase/3rd_level/log/model/Preset_Case_838_pf.pickle /Users/naienh/Desktop/model
scp -i /Users/naienh/Downloads/test1.pem ec2-user@ec2-34-209-25-24.us-west-2.compute.amazonaws.com:/home/ec2-user/GitHub/showcase/3rd_level/log/model/Preset_Case_839_pf.pickle /Users/naienh/Desktop/model
scp -i /Users/naienh/Downloads/test1.pem ec2-user@ec2-34-209-25-24.us-west-2.compute.amazonaws.com:/home/ec2-user/GitHub/showcase/3rd_level/log/model/Preset_Case_840_pf.pickle /Users/naienh/Desktop/model
scp -i /Users/naienh/Downloads/test1.pem ec2-user@ec2-34-209-25-24.us-west-2.compute.amazonaws.com:/home/ec2-user/GitHub/showcase/3rd_level/log/model/Preset_Case_841_pf.pickle /Users/naienh/Desktop/model
scp -i /Users/naienh/Downloads/test1.pem ec2-user@ec2-34-209-25-24.us-west-2.compute.amazonaws.com:/home/ec2-user/GitHub/showcase/3rd_level/log/model/Preset_Case_842_pf.pickle /Users/naienh/Desktop/model
scp -i /Users/naienh/Downloads/test1.pem ec2-user@ec2-34-209-25-24.us-west-2.compute.amazonaws.com:/home/ec2-user/GitHub/showcase/3rd_level/log/model/Preset_Case_843_pf.pickle /Users/naienh/Desktop/model
scp -i /Users/naienh/Downloads/test1.pem ec2-user@ec2-34-209-25-24.us-west-2.compute.amazonaws.com:/home/ec2-user/GitHub/showcase/3rd_level/log/model/Preset_Case_844_pf.pickle /Users/naienh/Desktop/model
scp -i /Users/naienh/Downloads/test1.pem ec2-user@ec2-34-209-25-24.us-west-2.compute.amazonaws.com:/home/ec2-user/GitHub/showcase/3rd_level/log/model/Preset_Case_845_pf.pickle /Users/naienh/Desktop/model
scp -i /Users/naienh/Downloads/test1.pem ec2-user@ec2-34-209-25-24.us-west-2.compute.amazonaws.com:/home/ec2-user/GitHub/showcase/3rd_level/log/model/Preset_Case_846_pf.pickle /Users/naienh/Desktop/model
scp -i /Users/naienh/Downloads/test1.pem ec2-user@ec2-34-209-25-24.us-west-2.compute.amazonaws.com:/home/ec2-user/GitHub/showcase/3rd_level/log/model/Preset_Case_847_pf.pickle /Users/naienh/Desktop/model
scp -i /Users/naienh/Downloads/test1.pem ec2-user@ec2-34-209-25-24.us-west-2.compute.amazonaws.com:/home/ec2-user/GitHub/showcase/3rd_level/log/model/Preset_Case_848_pf.pickle /Users/naienh/Desktop/model
scp -i /Users/naienh/Downloads/test1.pem ec2-user@ec2-34-209-25-24.us-west-2.compute.amazonaws.com:/home/ec2-user/GitHub/showcase/3rd_level/log/model/Preset_Case_849_pf.pickle /Users/naienh/Desktop/model
scp -i /Users/naienh/Downloads/test1.pem ec2-user@ec2-34-209-25-24.us-west-2.compute.amazonaws.com:/home/ec2-user/GitHub/showcase/3rd_level/log/model/Preset_Case_850_pf.pickle /Users/naienh/Desktop/model
scp -i /Users/naienh/Downloads/test1.pem ec2-user@ec2-34-209-25-24.us-west-2.compute.amazonaws.com:/home/ec2-user/GitHub/showcase/3rd_level/log/model/Preset_Case_851_pf.pickle /Users/naienh/Desktop/model
scp -i /Users/naienh/Downloads/test1.pem ec2-user@ec2-34-209-25-24.us-west-2.compute.amazonaws.com:/home/ec2-user/GitHub/showcase/3rd_level/log/model/Preset_Case_852_pf.pickle /Users/naienh/Desktop/model
scp -i /Users/naienh/Downloads/test1.pem ec2-user@ec2-34-209-25-24.us-west-2.compute.amazonaws.com:/home/ec2-user/GitHub/showcase/3rd_level/log/model/Preset_Case_853_pf.pickle /Users/naienh/Desktop/model
scp -i /Users/naienh/Downloads/test1.pem ec2-user@ec2-34-209-25-24.us-west-2.compute.amazonaws.com:/home/ec2-user/GitHub/showcase/3rd_level/log/model/Preset_Case_854_pf.pickle /Users/naienh/Desktop/model
scp -i /Users/naienh/Downloads/test1.pem ec2-user@ec2-34-209-25-24.us-west-2.compute.amazonaws.com:/home/ec2-user/GitHub/showcase/3rd_level/log/model/Preset_Case_855_pf.pickle /Users/naienh/Desktop/model
scp -i /Users/naienh/Downloads/test1.pem ec2-user@ec2-34-209-25-24.us-west-2.compute.amazonaws.com:/home/ec2-user/GitHub/showcase/3rd_level/log/model/Preset_Case_856_pf.pickle /Users/naienh/Desktop/model
scp -i /Users/naienh/Downloads/test1.pem ec2-user@ec2-34-209-25-24.us-west-2.compute.amazonaws.com:/home/ec2-user/GitHub/showcase/3rd_level/log/model/Preset_Case_857_pf.pickle /Users/naienh/Desktop/model
scp -i /Users/naienh/Downloads/test1.pem ec2-user@ec2-34-209-25-24.us-west-2.compute.amazonaws.com:/home/ec2-user/GitHub/showcase/3rd_level/log/model/Preset_Case_858_pf.pickle /Users/naienh/Desktop/model
scp -i /Users/naienh/Downloads/test1.pem ec2-user@ec2-34-209-25-24.us-west-2.compute.amazonaws.com:/home/ec2-user/GitHub/showcase/3rd_level/log/model/Preset_Case_859_pf.pickle /Users/naienh/Desktop/model
scp -i /Users/naienh/Downloads/test1.pem ec2-user@ec2-34-209-25-24.us-west-2.compute.amazonaws.com:/home/ec2-user/GitHub/showcase/3rd_level/log/model/Preset_Case_860_pf.pickle /Users/naienh/Desktop/model
scp -i /Users/naienh/Downloads/test1.pem ec2-user@ec2-34-209-25-24.us-west-2.compute.amazonaws.com:/home/ec2-user/GitHub/showcase/3rd_level/log/model/Preset_Case_861_pf.pickle /Users/naienh/Desktop/model
scp -i /Users/naienh/Downloads/test1.pem ec2-user@ec2-34-209-25-24.us-west-2.compute.amazonaws.com:/home/ec2-user/GitHub/showcase/3rd_level/log/model/Preset_Case_862_pf.pickle /Users/naienh/Desktop/model
scp -i /Users/naienh/Downloads/test1.pem ec2-user@ec2-34-209-25-24.us-west-2.compute.amazonaws.com:/home/ec2-user/GitHub/showcase/3rd_level/log/model/Preset_Case_863_pf.pickle /Users/naienh/Desktop/model
scp -i /Users/naienh/Downloads/test1.pem ec2-user@ec2-34-209-25-24.us-west-2.compute.amazonaws.com:/home/ec2-user/GitHub/showcase/3rd_level/log/model/Preset_Case_864_pf.pickle /Users/naienh/Desktop/model
scp -i /Users/naienh/Downloads/test1.pem ec2-user@ec2-34-209-25-24.us-west-2.compute.amazonaws.com:/home/ec2-user/GitHub/showcase/3rd_level/log/model/Preset_Case_865_pf.pickle /Users/naienh/Desktop/model
scp -i /Users/naienh/Downloads/test1.pem ec2-user@ec2-34-209-25-24.us-west-2.compute.amazonaws.com:/home/ec2-user/GitHub/showcase/3rd_level/log/model/Preset_Case_866_pf.pickle /Users/naienh/Desktop/model
scp -i /Users/naienh/Downloads/test1.pem ec2-user@ec2-34-209-25-24.us-west-2.compute.amazonaws.com:/home/ec2-user/GitHub/showcase/3rd_level/log/model/Preset_Case_867_pf.pickle /Users/naienh/Desktop/model
scp -i /Users/naienh/Downloads/test1.pem ec2-user@ec2-34-209-25-24.us-west-2.compute.amazonaws.com:/home/ec2-user/GitHub/showcase/3rd_level/log/model/Preset_Case_868_pf.pickle /Users/naienh/Desktop/model
scp -i /Users/naienh/Downloads/test1.pem ec2-user@ec2-34-209-25-24.us-west-2.compute.amazonaws.com:/home/ec2-user/GitHub/showcase/3rd_level/log/model/Preset_Case_869_pf.pickle /Users/naienh/Desktop/model
scp -i /Users/naienh/Downloads/test1.pem ec2-user@ec2-34-209-25-24.us-west-2.compute.amazonaws.com:/home/ec2-user/GitHub/showcase/3rd_level/log/model/Preset_Case_870_pf.pickle /Users/naienh/Desktop/model
scp -i /Users/naienh/Downloads/test1.pem ec2-user@ec2-34-209-25-24.us-west-2.compute.amazonaws.com:/home/ec2-user/GitHub/showcase/3rd_level/log/model/Preset_Case_871_pf.pickle /Users/naienh/Desktop/model
scp -i /Users/naienh/Downloads/test1.pem ec2-user@ec2-34-209-25-24.us-west-2.compute.amazonaws.com:/home/ec2-user/GitHub/showcase/3rd_level/log/model/Preset_Case_872_pf.pickle /Users/naienh/Desktop/model
scp -i /Users/naienh/Downloads/test1.pem ec2-user@ec2-34-209-25-24.us-west-2.compute.amazonaws.com:/home/ec2-user/GitHub/showcase/3rd_level/log/model/Preset_Case_873_pf.pickle /Users/naienh/Desktop/model
scp -i /Users/naienh/Downloads/test1.pem ec2-user@ec2-34-209-25-24.us-west-2.compute.amazonaws.com:/home/ec2-user/GitHub/showcase/3rd_level/log/model/Preset_Case_874_pf.pickle /Users/naienh/Desktop/model
scp -i /Users/naienh/Downloads/test1.pem ec2-user@ec2-34-209-25-24.us-west-2.compute.amazonaws.com:/home/ec2-user/GitHub/showcase/3rd_level/log/model/Preset_Case_875_pf.pickle /Users/naienh/Desktop/model
scp -i /Users/naienh/Downloads/test1.pem ec2-user@ec2-34-209-25-24.us-west-2.compute.amazonaws.com:/home/ec2-user/GitHub/showcase/3rd_level/log/model/Preset_Case_876_pf.pickle /Users/naienh/Desktop/model
scp -i /Users/naienh/Downloads/test1.pem ec2-user@ec2-34-209-25-24.us-west-2.compute.amazonaws.com:/home/ec2-user/GitHub/showcase/3rd_level/log/model/Preset_Case_877_pf.pickle /Users/naienh/Desktop/model
scp -i /Users/naienh/Downloads/test1.pem ec2-user@ec2-34-209-25-24.us-west-2.compute.amazonaws.com:/home/ec2-user/GitHub/showcase/3rd_level/log/model/Preset_Case_878_pf.pickle /Users/naienh/Desktop/model
scp -i /Users/naienh/Downloads/test1.pem ec2-user@ec2-34-209-25-24.us-west-2.compute.amazonaws.com:/home/ec2-user/GitHub/showcase/3rd_level/log/model/Preset_Case_879_pf.pickle /Users/naienh/Desktop/model
scp -i /Users/naienh/Downloads/test1.pem ec2-user@ec2-34-209-25-24.us-west-2.compute.amazonaws.com:/home/ec2-user/GitHub/showcase/3rd_level/log/model/Preset_Case_880_pf.pickle /Users/naienh/Desktop/model
scp -i /Users/naienh/Downloads/test1.pem ec2-user@ec2-34-209-25-24.us-west-2.compute.amazonaws.com:/home/ec2-user/GitHub/showcase/3rd_level/log/model/Preset_Case_881_pf.pickle /Users/naienh/Desktop/model
scp -i /Users/naienh/Downloads/test1.pem ec2-user@ec2-34-209-25-24.us-west-2.compute.amazonaws.com:/home/ec2-user/GitHub/showcase/3rd_level/log/model/Preset_Case_882_pf.pickle /Users/naienh/Desktop/model
scp -i /Users/naienh/Downloads/test1.pem ec2-user@ec2-34-209-25-24.us-west-2.compute.amazonaws.com:/home/ec2-user/GitHub/showcase/3rd_level/log/model/Preset_Case_883_pf.pickle /Users/naienh/Desktop/model
scp -i /Users/naienh/Downloads/test1.pem ec2-user@ec2-34-209-25-24.us-west-2.compute.amazonaws.com:/home/ec2-user/GitHub/showcase/3rd_level/log/model/Preset_Case_884_pf.pickle /Users/naienh/Desktop/model
scp -i /Users/naienh/Downloads/test1.pem ec2-user@ec2-34-209-25-24.us-west-2.compute.amazonaws.com:/home/ec2-user/GitHub/showcase/3rd_level/log/model/Preset_Case_885_pf.pickle /Users/naienh/Desktop/model
scp -i /Users/naienh/Downloads/test1.pem ec2-user@ec2-34-209-25-24.us-west-2.compute.amazonaws.com:/home/ec2-user/GitHub/showcase/3rd_level/log/model/Preset_Case_886_pf.pickle /Users/naienh/Desktop/model
scp -i /Users/naienh/Downloads/test1.pem ec2-user@ec2-34-209-25-24.us-west-2.compute.amazonaws.com:/home/ec2-user/GitHub/showcase/3rd_level/log/model/Preset_Case_887_pf.pickle /Users/naienh/Desktop/model
scp -i /Users/naienh/Downloads/test1.pem ec2-user@ec2-34-209-25-24.us-west-2.compute.amazonaws.com:/home/ec2-user/GitHub/showcase/3rd_level/log/model/Preset_Case_888_pf.pickle /Users/naienh/Desktop/model
scp -i /Users/naienh/Downloads/test1.pem ec2-user@ec2-34-209-25-24.us-west-2.compute.amazonaws.com:/home/ec2-user/GitHub/showcase/3rd_level/log/model/Preset_Case_889_pf.pickle /Users/naienh/Desktop/model
scp -i /Users/naienh/Downloads/test1.pem ec2-user@ec2-34-209-25-24.us-west-2.compute.amazonaws.com:/home/ec2-user/GitHub/showcase/3rd_level/log/model/Preset_Case_890_pf.pickle /Users/naienh/Desktop/model
scp -i /Users/naienh/Downloads/test1.pem ec2-user@ec2-34-209-25-24.us-west-2.compute.amazonaws.com:/home/ec2-user/GitHub/showcase/3rd_level/log/model/Preset_Case_891_pf.pickle /Users/naienh/Desktop/model
scp -i /Users/naienh/Downloads/test1.pem ec2-user@ec2-34-209-25-24.us-west-2.compute.amazonaws.com:/home/ec2-user/GitHub/showcase/3rd_level/log/model/Preset_Case_892_pf.pickle /Users/naienh/Desktop/model
scp -i /Users/naienh/Downloads/test1.pem ec2-user@ec2-34-209-25-24.us-west-2.compute.amazonaws.com:/home/ec2-user/GitHub/showcase/3rd_level/log/model/Preset_Case_893_pf.pickle /Users/naienh/Desktop/model
scp -i /Users/naienh/Downloads/test1.pem ec2-user@ec2-34-209-25-24.us-west-2.compute.amazonaws.com:/home/ec2-user/GitHub/showcase/3rd_level/log/model/Preset_Case_894_pf.pickle /Users/naienh/Desktop/model
scp -i /Users/naienh/Downloads/test1.pem ec2-user@ec2-34-209-25-24.us-west-2.compute.amazonaws.com:/home/ec2-user/GitHub/showcase/3rd_level/log/model/Preset_Case_895_pf.pickle /Users/naienh/Desktop/model
scp -i /Users/naienh/Downloads/test1.pem ec2-user@ec2-34-209-25-24.us-west-2.compute.amazonaws.com:/home/ec2-user/GitHub/showcase/3rd_level/log/model/Preset_Case_896_pf.pickle /Users/naienh/Desktop/model
scp -i /Users/naienh/Downloads/test1.pem ec2-user@ec2-34-209-25-24.us-west-2.compute.amazonaws.com:/home/ec2-user/GitHub/showcase/3rd_level/log/model/Preset_Case_897_pf.pickle /Users/naienh/Desktop/model
scp -i /Users/naienh/Downloads/test1.pem ec2-user@ec2-34-209-25-24.us-west-2.compute.amazonaws.com:/home/ec2-user/GitHub/showcase/3rd_level/log/model/Preset_Case_898_pf.pickle /Users/naienh/Desktop/model
scp -i /Users/naienh/Downloads/test1.pem ec2-user@ec2-34-209-25-24.us-west-2.compute.amazonaws.com:/home/ec2-user/GitHub/showcase/3rd_level/log/model/Preset_Case_899_pf.pickle /Users/naienh/Desktop/model
scp -i /Users/naienh/Downloads/test1.pem ec2-user@ec2-34-209-25-24.us-west-2.compute.amazonaws.com:/home/ec2-user/GitHub/showcase/3rd_level/log/model/Preset_Case_900_pf.pickle /Users/naienh/Desktop/model
scp -i /Users/naienh/Downloads/test1.pem ec2-user@ec2-34-209-25-24.us-west-2.compute.amazonaws.com:/home/ec2-user/GitHub/showcase/3rd_level/log/model/Preset_Case_901_pf.pickle /Users/naienh/Desktop/model
scp -i /Users/naienh/Downloads/test1.pem ec2-user@ec2-34-209-25-24.us-west-2.compute.amazonaws.com:/home/ec2-user/GitHub/showcase/3rd_level/log/model/Preset_Case_902_pf.pickle /Users/naienh/Desktop/model
scp -i /Users/naienh/Downloads/test1.pem ec2-user@ec2-34-209-25-24.us-west-2.compute.amazonaws.com:/home/ec2-user/GitHub/showcase/3rd_level/log/model/Preset_Case_903_pf.pickle /Users/naienh/Desktop/model
scp -i /Users/naienh/Downloads/test1.pem ec2-user@ec2-34-209-25-24.us-west-2.compute.amazonaws.com:/home/ec2-user/GitHub/showcase/3rd_level/log/model/Preset_Case_904_pf.pickle /Users/naienh/Desktop/model
scp -i /Users/naienh/Downloads/test1.pem ec2-user@ec2-34-209-25-24.us-west-2.compute.amazonaws.com:/home/ec2-user/GitHub/showcase/3rd_level/log/model/Preset_Case_905_pf.pickle /Users/naienh/Desktop/model
scp -i /Users/naienh/Downloads/test1.pem ec2-user@ec2-34-209-25-24.us-west-2.compute.amazonaws.com:/home/ec2-user/GitHub/showcase/3rd_level/log/model/Preset_Case_906_pf.pickle /Users/naienh/Desktop/model
scp -i /Users/naienh/Downloads/test1.pem ec2-user@ec2-34-209-25-24.us-west-2.compute.amazonaws.com:/home/ec2-user/GitHub/showcase/3rd_level/log/model/Preset_Case_907_pf.pickle /Users/naienh/Desktop/model
scp -i /Users/naienh/Downloads/test1.pem ec2-user@ec2-34-209-25-24.us-west-2.compute.amazonaws.com:/home/ec2-user/GitHub/showcase/3rd_level/log/model/Preset_Case_908_pf.pickle /Users/naienh/Desktop/model
scp -i /Users/naienh/Downloads/test1.pem ec2-user@ec2-34-209-25-24.us-west-2.compute.amazonaws.com:/home/ec2-user/GitHub/showcase/3rd_level/log/model/Preset_Case_909_pf.pickle /Users/naienh/Desktop/model
scp -i /Users/naienh/Downloads/test1.pem ec2-user@ec2-34-209-25-24.us-west-2.compute.amazonaws.com:/home/ec2-user/GitHub/showcase/3rd_level/log/model/Preset_Case_910_pf.pickle /Users/naienh/Desktop/model
scp -i /Users/naienh/Downloads/test1.pem ec2-user@ec2-34-209-25-24.us-west-2.compute.amazonaws.com:/home/ec2-user/GitHub/showcase/3rd_level/log/model/Preset_Case_911_pf.pickle /Users/naienh/Desktop/model
scp -i /Users/naienh/Downloads/test1.pem ec2-user@ec2-34-209-25-24.us-west-2.compute.amazonaws.com:/home/ec2-user/GitHub/showcase/3rd_level/log/model/Preset_Case_912_pf.pickle /Users/naienh/Desktop/model
scp -i /Users/naienh/Downloads/test1.pem ec2-user@ec2-34-209-25-24.us-west-2.compute.amazonaws.com:/home/ec2-user/GitHub/showcase/3rd_level/log/model/Preset_Case_913_pf.pickle /Users/naienh/Desktop/model
scp -i /Users/naienh/Downloads/test1.pem ec2-user@ec2-34-209-25-24.us-west-2.compute.amazonaws.com:/home/ec2-user/GitHub/showcase/3rd_level/log/model/Preset_Case_914_pf.pickle /Users/naienh/Desktop/model
scp -i /Users/naienh/Downloads/test1.pem ec2-user@ec2-34-209-25-24.us-west-2.compute.amazonaws.com:/home/ec2-user/GitHub/showcase/3rd_level/log/model/Preset_Case_915_pf.pickle /Users/naienh/Desktop/model
scp -i /Users/naienh/Downloads/test1.pem ec2-user@ec2-34-209-25-24.us-west-2.compute.amazonaws.com:/home/ec2-user/GitHub/showcase/3rd_level/log/model/Preset_Case_916_pf.pickle /Users/naienh/Desktop/model
scp -i /Users/naienh/Downloads/test1.pem ec2-user@ec2-34-209-25-24.us-west-2.compute.amazonaws.com:/home/ec2-user/GitHub/showcase/3rd_level/log/model/Preset_Case_917_pf.pickle /Users/naienh/Desktop/model
scp -i /Users/naienh/Downloads/test1.pem ec2-user@ec2-34-209-25-24.us-west-2.compute.amazonaws.com:/home/ec2-user/GitHub/showcase/3rd_level/log/model/Preset_Case_918_pf.pickle /Users/naienh/Desktop/model
scp -i /Users/naienh/Downloads/test1.pem ec2-user@ec2-34-209-25-24.us-west-2.compute.amazonaws.com:/home/ec2-user/GitHub/showcase/3rd_level/log/model/Preset_Case_919_pf.pickle /Users/naienh/Desktop/model
scp -i /Users/naienh/Downloads/test1.pem ec2-user@ec2-34-209-25-24.us-west-2.compute.amazonaws.com:/home/ec2-user/GitHub/showcase/3rd_level/log/model/Preset_Case_920_pf.pickle /Users/naienh/Desktop/model
scp -i /Users/naienh/Downloads/test1.pem ec2-user@ec2-34-209-25-24.us-west-2.compute.amazonaws.com:/home/ec2-user/GitHub/showcase/3rd_level/log/model/Preset_Case_921_pf.pickle /Users/naienh/Desktop/model
scp -i /Users/naienh/Downloads/test1.pem ec2-user@ec2-34-209-25-24.us-west-2.compute.amazonaws.com:/home/ec2-user/GitHub/showcase/3rd_level/log/model/Preset_Case_922_pf.pickle /Users/naienh/Desktop/model
scp -i /Users/naienh/Downloads/test1.pem ec2-user@ec2-34-209-25-24.us-west-2.compute.amazonaws.com:/home/ec2-user/GitHub/showcase/3rd_level/log/model/Preset_Case_923_pf.pickle /Users/naienh/Desktop/model
scp -i /Users/naienh/Downloads/test1.pem ec2-user@ec2-34-209-25-24.us-west-2.compute.amazonaws.com:/home/ec2-user/GitHub/showcase/3rd_level/log/model/Preset_Case_924_pf.pickle /Users/naienh/Desktop/model
scp -i /Users/naienh/Downloads/test1.pem ec2-user@ec2-34-209-25-24.us-west-2.compute.amazonaws.com:/home/ec2-user/GitHub/showcase/3rd_level/log/model/Preset_Case_925_pf.pickle /Users/naienh/Desktop/model
scp -i /Users/naienh/Downloads/test1.pem ec2-user@ec2-34-209-25-24.us-west-2.compute.amazonaws.com:/home/ec2-user/GitHub/showcase/3rd_level/log/model/Preset_Case_926_pf.pickle /Users/naienh/Desktop/model
scp -i /Users/naienh/Downloads/test1.pem ec2-user@ec2-34-209-25-24.us-west-2.compute.amazonaws.com:/home/ec2-user/GitHub/showcase/3rd_level/log/model/Preset_Case_927_pf.pickle /Users/naienh/Desktop/model
scp -i /Users/naienh/Downloads/test1.pem ec2-user@ec2-34-209-25-24.us-west-2.compute.amazonaws.com:/home/ec2-user/GitHub/showcase/3rd_level/log/model/Preset_Case_928_pf.pickle /Users/naienh/Desktop/model
scp -i /Users/naienh/Downloads/test1.pem ec2-user@ec2-34-209-25-24.us-west-2.compute.amazonaws.com:/home/ec2-user/GitHub/showcase/3rd_level/log/model/Preset_Case_929_pf.pickle /Users/naienh/Desktop/model
scp -i /Users/naienh/Downloads/test1.pem ec2-user@ec2-34-209-25-24.us-west-2.compute.amazonaws.com:/home/ec2-user/GitHub/showcase/3rd_level/log/model/Preset_Case_930_pf.pickle /Users/naienh/Desktop/model
scp -i /Users/naienh/Downloads/test1.pem ec2-user@ec2-34-209-25-24.us-west-2.compute.amazonaws.com:/home/ec2-user/GitHub/showcase/3rd_level/log/model/Preset_Case_931_pf.pickle /Users/naienh/Desktop/model
scp -i /Users/naienh/Downloads/test1.pem ec2-user@ec2-34-209-25-24.us-west-2.compute.amazonaws.com:/home/ec2-user/GitHub/showcase/3rd_level/log/model/Preset_Case_932_pf.pickle /Users/naienh/Desktop/model
scp -i /Users/naienh/Downloads/test1.pem ec2-user@ec2-34-209-25-24.us-west-2.compute.amazonaws.com:/home/ec2-user/GitHub/showcase/3rd_level/log/model/Preset_Case_933_pf.pickle /Users/naienh/Desktop/model
scp -i /Users/naienh/Downloads/test1.pem ec2-user@ec2-34-209-25-24.us-west-2.compute.amazonaws.com:/home/ec2-user/GitHub/showcase/3rd_level/log/model/Preset_Case_934_pf.pickle /Users/naienh/Desktop/model
scp -i /Users/naienh/Downloads/test1.pem ec2-user@ec2-34-209-25-24.us-west-2.compute.amazonaws.com:/home/ec2-user/GitHub/showcase/3rd_level/log/model/Preset_Case_935_pf.pickle /Users/naienh/Desktop/model
scp -i /Users/naienh/Downloads/test1.pem ec2-user@ec2-34-209-25-24.us-west-2.compute.amazonaws.com:/home/ec2-user/GitHub/showcase/3rd_level/log/model/Preset_Case_936_pf.pickle /Users/naienh/Desktop/model
scp -i /Users/naienh/Downloads/test1.pem ec2-user@ec2-34-209-25-24.us-west-2.compute.amazonaws.com:/home/ec2-user/GitHub/showcase/3rd_level/log/model/Preset_Case_937_pf.pickle /Users/naienh/Desktop/model
scp -i /Users/naienh/Downloads/test1.pem ec2-user@ec2-34-209-25-24.us-west-2.compute.amazonaws.com:/home/ec2-user/GitHub/showcase/3rd_level/log/model/Preset_Case_938_pf.pickle /Users/naienh/Desktop/model
scp -i /Users/naienh/Downloads/test1.pem ec2-user@ec2-34-209-25-24.us-west-2.compute.amazonaws.com:/home/ec2-user/GitHub/showcase/3rd_level/log/model/Preset_Case_939_pf.pickle /Users/naienh/Desktop/model
scp -i /Users/naienh/Downloads/test1.pem ec2-user@ec2-34-209-25-24.us-west-2.compute.amazonaws.com:/home/ec2-user/GitHub/showcase/3rd_level/log/model/Preset_Case_940_pf.pickle /Users/naienh/Desktop/model
scp -i /Users/naienh/Downloads/test1.pem ec2-user@ec2-34-209-25-24.us-west-2.compute.amazonaws.com:/home/ec2-user/GitHub/showcase/3rd_level/log/model/Preset_Case_941_pf.pickle /Users/naienh/Desktop/model
scp -i /Users/naienh/Downloads/test1.pem ec2-user@ec2-34-209-25-24.us-west-2.compute.amazonaws.com:/home/ec2-user/GitHub/showcase/3rd_level/log/model/Preset_Case_942_pf.pickle /Users/naienh/Desktop/model
scp -i /Users/naienh/Downloads/test1.pem ec2-user@ec2-34-209-25-24.us-west-2.compute.amazonaws.com:/home/ec2-user/GitHub/showcase/3rd_level/log/model/Preset_Case_943_pf.pickle /Users/naienh/Desktop/model
scp -i /Users/naienh/Downloads/test1.pem ec2-user@ec2-34-209-25-24.us-west-2.compute.amazonaws.com:/home/ec2-user/GitHub/showcase/3rd_level/log/model/Preset_Case_944_pf.pickle /Users/naienh/Desktop/model
scp -i /Users/naienh/Downloads/test1.pem ec2-user@ec2-34-209-25-24.us-west-2.compute.amazonaws.com:/home/ec2-user/GitHub/showcase/3rd_level/log/model/Preset_Case_945_pf.pickle /Users/naienh/Desktop/model
scp -i /Users/naienh/Downloads/test1.pem ec2-user@ec2-34-209-25-24.us-west-2.compute.amazonaws.com:/home/ec2-user/GitHub/showcase/3rd_level/log/model/Preset_Case_946_pf.pickle /Users/naienh/Desktop/model
scp -i /Users/naienh/Downloads/test1.pem ec2-user@ec2-34-209-25-24.us-west-2.compute.amazonaws.com:/home/ec2-user/GitHub/showcase/3rd_level/log/model/Preset_Case_947_pf.pickle /Users/naienh/Desktop/model
scp -i /Users/naienh/Downloads/test1.pem ec2-user@ec2-34-209-25-24.us-west-2.compute.amazonaws.com:/home/ec2-user/GitHub/showcase/3rd_level/log/model/Preset_Case_948_pf.pickle /Users/naienh/Desktop/model
scp -i /Users/naienh/Downloads/test1.pem ec2-user@ec2-34-209-25-24.us-west-2.compute.amazonaws.com:/home/ec2-user/GitHub/showcase/3rd_level/log/model/Preset_Case_949_pf.pickle /Users/naienh/Desktop/model
scp -i /Users/naienh/Downloads/test1.pem ec2-user@ec2-34-209-25-24.us-west-2.compute.amazonaws.com:/home/ec2-user/GitHub/showcase/3rd_level/log/model/Preset_Case_950_pf.pickle /Users/naienh/Desktop/model
scp -i /Users/naienh/Downloads/test1.pem ec2-user@ec2-34-209-25-24.us-west-2.compute.amazonaws.com:/home/ec2-user/GitHub/showcase/3rd_level/log/model/Preset_Case_951_pf.pickle /Users/naienh/Desktop/model
scp -i /Users/naienh/Downloads/test1.pem ec2-user@ec2-34-209-25-24.us-west-2.compute.amazonaws.com:/home/ec2-user/GitHub/showcase/3rd_level/log/model/Preset_Case_952_pf.pickle /Users/naienh/Desktop/model
scp -i /Users/naienh/Downloads/test1.pem ec2-user@ec2-34-209-25-24.us-west-2.compute.amazonaws.com:/home/ec2-user/GitHub/showcase/3rd_level/log/model/Preset_Case_953_pf.pickle /Users/naienh/Desktop/model
scp -i /Users/naienh/Downloads/test1.pem ec2-user@ec2-34-209-25-24.us-west-2.compute.amazonaws.com:/home/ec2-user/GitHub/showcase/3rd_level/log/model/Preset_Case_954_pf.pickle /Users/naienh/Desktop/model
scp -i /Users/naienh/Downloads/test1.pem ec2-user@ec2-34-209-25-24.us-west-2.compute.amazonaws.com:/home/ec2-user/GitHub/showcase/3rd_level/log/model/Preset_Case_955_pf.pickle /Users/naienh/Desktop/model
scp -i /Users/naienh/Downloads/test1.pem ec2-user@ec2-34-209-25-24.us-west-2.compute.amazonaws.com:/home/ec2-user/GitHub/showcase/3rd_level/log/model/Preset_Case_956_pf.pickle /Users/naienh/Desktop/model
scp -i /Users/naienh/Downloads/test1.pem ec2-user@ec2-34-209-25-24.us-west-2.compute.amazonaws.com:/home/ec2-user/GitHub/showcase/3rd_level/log/model/Preset_Case_957_pf.pickle /Users/naienh/Desktop/model
scp -i /Users/naienh/Downloads/test1.pem ec2-user@ec2-34-209-25-24.us-west-2.compute.amazonaws.com:/home/ec2-user/GitHub/showcase/3rd_level/log/model/Preset_Case_958_pf.pickle /Users/naienh/Desktop/model
scp -i /Users/naienh/Downloads/test1.pem ec2-user@ec2-34-209-25-24.us-west-2.compute.amazonaws.com:/home/ec2-user/GitHub/showcase/3rd_level/log/model/Preset_Case_959_pf.pickle /Users/naienh/Desktop/model
scp -i /Users/naienh/Downloads/test1.pem ec2-user@ec2-34-209-25-24.us-west-2.compute.amazonaws.com:/home/ec2-user/GitHub/showcase/3rd_level/log/model/Preset_Case_960_pf.pickle /Users/naienh/Desktop/model
scp -i /Users/naienh/Downloads/test1.pem ec2-user@ec2-34-209-25-24.us-west-2.compute.amazonaws.com:/home/ec2-user/GitHub/showcase/3rd_level/log/model/Preset_Case_961_pf.pickle /Users/naienh/Desktop/model
scp -i /Users/naienh/Downloads/test1.pem ec2-user@ec2-34-209-25-24.us-west-2.compute.amazonaws.com:/home/ec2-user/GitHub/showcase/3rd_level/log/model/Preset_Case_962_pf.pickle /Users/naienh/Desktop/model
scp -i /Users/naienh/Downloads/test1.pem ec2-user@ec2-34-209-25-24.us-west-2.compute.amazonaws.com:/home/ec2-user/GitHub/showcase/3rd_level/log/model/Preset_Case_963_pf.pickle /Users/naienh/Desktop/model
scp -i /Users/naienh/Downloads/test1.pem ec2-user@ec2-34-209-25-24.us-west-2.compute.amazonaws.com:/home/ec2-user/GitHub/showcase/3rd_level/log/model/Preset_Case_964_pf.pickle /Users/naienh/Desktop/model
scp -i /Users/naienh/Downloads/test1.pem ec2-user@ec2-34-209-25-24.us-west-2.compute.amazonaws.com:/home/ec2-user/GitHub/showcase/3rd_level/log/model/Preset_Case_965_pf.pickle /Users/naienh/Desktop/model
scp -i /Users/naienh/Downloads/test1.pem ec2-user@ec2-34-209-25-24.us-west-2.compute.amazonaws.com:/home/ec2-user/GitHub/showcase/3rd_level/log/model/Preset_Case_966_pf.pickle /Users/naienh/Desktop/model
scp -i /Users/naienh/Downloads/test1.pem ec2-user@ec2-34-209-25-24.us-west-2.compute.amazonaws.com:/home/ec2-user/GitHub/showcase/3rd_level/log/model/Preset_Case_967_pf.pickle /Users/naienh/Desktop/model
scp -i /Users/naienh/Downloads/test1.pem ec2-user@ec2-34-209-25-24.us-west-2.compute.amazonaws.com:/home/ec2-user/GitHub/showcase/3rd_level/log/model/Preset_Case_968_pf.pickle /Users/naienh/Desktop/model
scp -i /Users/naienh/Downloads/test1.pem ec2-user@ec2-34-209-25-24.us-west-2.compute.amazonaws.com:/home/ec2-user/GitHub/showcase/3rd_level/log/model/Preset_Case_969_pf.pickle /Users/naienh/Desktop/model
scp -i /Users/naienh/Downloads/test1.pem ec2-user@ec2-34-209-25-24.us-west-2.compute.amazonaws.com:/home/ec2-user/GitHub/showcase/3rd_level/log/model/Preset_Case_970_pf.pickle /Users/naienh/Desktop/model
scp -i /Users/naienh/Downloads/test1.pem ec2-user@ec2-34-209-25-24.us-west-2.compute.amazonaws.com:/home/ec2-user/GitHub/showcase/3rd_level/log/model/Preset_Case_971_pf.pickle /Users/naienh/Desktop/model
scp -i /Users/naienh/Downloads/test1.pem ec2-user@ec2-34-209-25-24.us-west-2.compute.amazonaws.com:/home/ec2-user/GitHub/showcase/3rd_level/log/model/Preset_Case_972_pf.pickle /Users/naienh/Desktop/model
scp -i /Users/naienh/Downloads/test1.pem ec2-user@ec2-34-209-25-24.us-west-2.compute.amazonaws.com:/home/ec2-user/GitHub/showcase/3rd_level/log/model/Preset_Case_973_pf.pickle /Users/naienh/Desktop/model
scp -i /Users/naienh/Downloads/test1.pem ec2-user@ec2-34-209-25-24.us-west-2.compute.amazonaws.com:/home/ec2-user/GitHub/showcase/3rd_level/log/model/Preset_Case_974_pf.pickle /Users/naienh/Desktop/model
scp -i /Users/naienh/Downloads/test1.pem ec2-user@ec2-34-209-25-24.us-west-2.compute.amazonaws.com:/home/ec2-user/GitHub/showcase/3rd_level/log/model/Preset_Case_975_pf.pickle /Users/naienh/Desktop/model
scp -i /Users/naienh/Downloads/test1.pem ec2-user@ec2-34-209-25-24.us-west-2.compute.amazonaws.com:/home/ec2-user/GitHub/showcase/3rd_level/log/model/Preset_Case_976_pf.pickle /Users/naienh/Desktop/model
scp -i /Users/naienh/Downloads/test1.pem ec2-user@ec2-34-209-25-24.us-west-2.compute.amazonaws.com:/home/ec2-user/GitHub/showcase/3rd_level/log/model/Preset_Case_977_pf.pickle /Users/naienh/Desktop/model
scp -i /Users/naienh/Downloads/test1.pem ec2-user@ec2-34-209-25-24.us-west-2.compute.amazonaws.com:/home/ec2-user/GitHub/showcase/3rd_level/log/model/Preset_Case_978_pf.pickle /Users/naienh/Desktop/model
scp -i /Users/naienh/Downloads/test1.pem ec2-user@ec2-34-209-25-24.us-west-2.compute.amazonaws.com:/home/ec2-user/GitHub/showcase/3rd_level/log/model/Preset_Case_979_pf.pickle /Users/naienh/Desktop/model
scp -i /Users/naienh/Downloads/test1.pem ec2-user@ec2-34-209-25-24.us-west-2.compute.amazonaws.com:/home/ec2-user/GitHub/showcase/3rd_level/log/model/Preset_Case_980_pf.pickle /Users/naienh/Desktop/model
scp -i /Users/naienh/Downloads/test1.pem ec2-user@ec2-34-209-25-24.us-west-2.compute.amazonaws.com:/home/ec2-user/GitHub/showcase/3rd_level/log/model/Preset_Case_981_pf.pickle /Users/naienh/Desktop/model
scp -i /Users/naienh/Downloads/test1.pem ec2-user@ec2-34-209-25-24.us-west-2.compute.amazonaws.com:/home/ec2-user/GitHub/showcase/3rd_level/log/model/Preset_Case_982_pf.pickle /Users/naienh/Desktop/model
scp -i /Users/naienh/Downloads/test1.pem ec2-user@ec2-34-209-25-24.us-west-2.compute.amazonaws.com:/home/ec2-user/GitHub/showcase/3rd_level/log/model/Preset_Case_983_pf.pickle /Users/naienh/Desktop/model
scp -i /Users/naienh/Downloads/test1.pem ec2-user@ec2-34-209-25-24.us-west-2.compute.amazonaws.com:/home/ec2-user/GitHub/showcase/3rd_level/log/model/Preset_Case_984_pf.pickle /Users/naienh/Desktop/model
scp -i /Users/naienh/Downloads/test1.pem ec2-user@ec2-34-209-25-24.us-west-2.compute.amazonaws.com:/home/ec2-user/GitHub/showcase/3rd_level/log/model/Preset_Case_985_pf.pickle /Users/naienh/Desktop/model
scp -i /Users/naienh/Downloads/test1.pem ec2-user@ec2-34-209-25-24.us-west-2.compute.amazonaws.com:/home/ec2-user/GitHub/showcase/3rd_level/log/model/Preset_Case_986_pf.pickle /Users/naienh/Desktop/model
scp -i /Users/naienh/Downloads/test1.pem ec2-user@ec2-34-209-25-24.us-west-2.compute.amazonaws.com:/home/ec2-user/GitHub/showcase/3rd_level/log/model/Preset_Case_987_pf.pickle /Users/naienh/Desktop/model
scp -i /Users/naienh/Downloads/test1.pem ec2-user@ec2-34-209-25-24.us-west-2.compute.amazonaws.com:/home/ec2-user/GitHub/showcase/3rd_level/log/model/Preset_Case_988_pf.pickle /Users/naienh/Desktop/model
scp -i /Users/naienh/Downloads/test1.pem ec2-user@ec2-34-209-25-24.us-west-2.compute.amazonaws.com:/home/ec2-user/GitHub/showcase/3rd_level/log/model/Preset_Case_989_pf.pickle /Users/naienh/Desktop/model
scp -i /Users/naienh/Downloads/test1.pem ec2-user@ec2-34-209-25-24.us-west-2.compute.amazonaws.com:/home/ec2-user/GitHub/showcase/3rd_level/log/model/Preset_Case_990_pf.pickle /Users/naienh/Desktop/model
scp -i /Users/naienh/Downloads/test1.pem ec2-user@ec2-34-209-25-24.us-west-2.compute.amazonaws.com:/home/ec2-user/GitHub/showcase/3rd_level/log/model/Preset_Case_991_pf.pickle /Users/naienh/Desktop/model
scp -i /Users/naienh/Downloads/test1.pem ec2-user@ec2-34-209-25-24.us-west-2.compute.amazonaws.com:/home/ec2-user/GitHub/showcase/3rd_level/log/model/Preset_Case_992_pf.pickle /Users/naienh/Desktop/model
scp -i /Users/naienh/Downloads/test1.pem ec2-user@ec2-34-209-25-24.us-west-2.compute.amazonaws.com:/home/ec2-user/GitHub/showcase/3rd_level/log/model/Preset_Case_993_pf.pickle /Users/naienh/Desktop/model
scp -i /Users/naienh/Downloads/test1.pem ec2-user@ec2-34-209-25-24.us-west-2.compute.amazonaws.com:/home/ec2-user/GitHub/showcase/3rd_level/log/model/Preset_Case_994_pf.pickle /Users/naienh/Desktop/model
scp -i /Users/naienh/Downloads/test1.pem ec2-user@ec2-34-209-25-24.us-west-2.compute.amazonaws.com:/home/ec2-user/GitHub/showcase/3rd_level/log/model/Preset_Case_995_pf.pickle /Users/naienh/Desktop/model
scp -i /Users/naienh/Downloads/test1.pem ec2-user@ec2-34-209-25-24.us-west-2.compute.amazonaws.com:/home/ec2-user/GitHub/showcase/3rd_level/log/model/Preset_Case_996_pf.pickle /Users/naienh/Desktop/model
scp -i /Users/naienh/Downloads/test1.pem ec2-user@ec2-34-209-25-24.us-west-2.compute.amazonaws.com:/home/ec2-user/GitHub/showcase/3rd_level/log/model/Preset_Case_997_pf.pickle /Users/naienh/Desktop/model
scp -i /Users/naienh/Downloads/test1.pem ec2-user@ec2-34-209-25-24.us-west-2.compute.amazonaws.com:/home/ec2-user/GitHub/showcase/3rd_level/log/model/Preset_Case_998_pf.pickle /Users/naienh/Desktop/model
scp -i /Users/naienh/Downloads/test1.pem ec2-user@ec2-34-209-25-24.us-west-2.compute.amazonaws.com:/home/ec2-user/GitHub/showcase/3rd_level/log/model/Preset_Case_999_pf.pickle /Users/naienh/Desktop/model
scp -i /Users/naienh/Downloads/test1.pem ec2-user@ec2-34-209-25-24.us-west-2.compute.amazonaws.com:/home/ec2-user/GitHub/showcase/3rd_level/log/model/Preset_Case_1000_pf.pickle /Users/naienh/Desktop/model
